Archive member included to satisfy reference by file (symbol)

/usr/lib/gcc/arm-none-eabi/13.2.1/../../../arm-none-eabi/lib/thumb/v7e-m+fp/hard/libc_nano.a(libc_a-init.o)
                              /usr/lib/gcc/arm-none-eabi/13.2.1/../../../arm-none-eabi/lib/thumb/v7e-m+fp/hard/crt0.o (__libc_init_array)
/usr/lib/gcc/arm-none-eabi/13.2.1/../../../arm-none-eabi/lib/thumb/v7e-m+fp/hard/libc_nano.a(libc_a-strlen.o)
                              CMakeFiles/gd32f450_template.elf.dir/bsp/bsp_oled.c.obj (strlen)
/usr/lib/gcc/arm-none-eabi/13.2.1/../../../arm-none-eabi/lib/thumb/v7e-m+fp/hard/libc_nano.a(libc_a-memset.o)
                              /usr/lib/gcc/arm-none-eabi/13.2.1/../../../arm-none-eabi/lib/thumb/v7e-m+fp/hard/crt0.o (memset)
/usr/lib/gcc/arm-none-eabi/13.2.1/../../../arm-none-eabi/lib/thumb/v7e-m+fp/hard/libc_nano.a(libc_a-memcpy.o)
                              CMakeFiles/gd32f450_template.elf.dir/bsp/bsp_oled.c.obj (memcpy)
/usr/lib/gcc/arm-none-eabi/13.2.1/../../../arm-none-eabi/lib/thumb/v7e-m+fp/hard/libc_nano.a(libc_a-exit.o)
                              /usr/lib/gcc/arm-none-eabi/13.2.1/../../../arm-none-eabi/lib/thumb/v7e-m+fp/hard/crt0.o (exit)
/usr/lib/gcc/arm-none-eabi/13.2.1/../../../arm-none-eabi/lib/thumb/v7e-m+fp/hard/libc_nano.a(libc_a-atexit.o)
                              /usr/lib/gcc/arm-none-eabi/13.2.1/../../../arm-none-eabi/lib/thumb/v7e-m+fp/hard/crt0.o (atexit)
/usr/lib/gcc/arm-none-eabi/13.2.1/../../../arm-none-eabi/lib/thumb/v7e-m+fp/hard/libc_nano.a(libc_a-snprintf.o)
                              CMakeFiles/gd32f450_template.elf.dir/app/app_display.c.obj (snprintf)
/usr/lib/gcc/arm-none-eabi/13.2.1/../../../arm-none-eabi/lib/thumb/v7e-m+fp/hard/libc_nano.a(libc_a-memcmp.o)
                              CMakeFiles/gd32f450_template.elf.dir/bsp/bsp_oled.c.obj (memcmp)
/usr/lib/gcc/arm-none-eabi/13.2.1/../../../arm-none-eabi/lib/thumb/v7e-m+fp/hard/libc_nano.a(libc_a-printf.o)
                              CMakeFiles/gd32f450_template.elf.dir/bsp/bsp_oled.c.obj (printf)
/usr/lib/gcc/arm-none-eabi/13.2.1/../../../arm-none-eabi/lib/thumb/v7e-m+fp/hard/libc_nano.a(libc_a-nano-vfprintf.o)
                              /usr/lib/gcc/arm-none-eabi/13.2.1/../../../arm-none-eabi/lib/thumb/v7e-m+fp/hard/libc_nano.a(libc_a-printf.o) (_vfprintf_r)
/usr/lib/gcc/arm-none-eabi/13.2.1/../../../arm-none-eabi/lib/thumb/v7e-m+fp/hard/libc_nano.a(libc_a-fini.o)
                              /usr/lib/gcc/arm-none-eabi/13.2.1/../../../arm-none-eabi/lib/thumb/v7e-m+fp/hard/crt0.o (__libc_fini_array)
/usr/lib/gcc/arm-none-eabi/13.2.1/../../../arm-none-eabi/lib/thumb/v7e-m+fp/hard/libc_nano.a(libc_a-wbuf.o)
                              /usr/lib/gcc/arm-none-eabi/13.2.1/../../../arm-none-eabi/lib/thumb/v7e-m+fp/hard/libc_nano.a(libc_a-nano-vfprintf.o) (__swbuf_r)
/usr/lib/gcc/arm-none-eabi/13.2.1/../../../arm-none-eabi/lib/thumb/v7e-m+fp/hard/libc_nano.a(libc_a-impure.o)
                              /usr/lib/gcc/arm-none-eabi/13.2.1/../../../arm-none-eabi/lib/thumb/v7e-m+fp/hard/libc_nano.a(libc_a-snprintf.o) (_impure_ptr)
/usr/lib/gcc/arm-none-eabi/13.2.1/../../../arm-none-eabi/lib/thumb/v7e-m+fp/hard/libc_nano.a(libc_a-nano-svfprintf.o)
                              /usr/lib/gcc/arm-none-eabi/13.2.1/../../../arm-none-eabi/lib/thumb/v7e-m+fp/hard/libc_nano.a(libc_a-snprintf.o) (_svfprintf_r)
/usr/lib/gcc/arm-none-eabi/13.2.1/../../../arm-none-eabi/lib/thumb/v7e-m+fp/hard/libc_nano.a(libc_a-fvwrite.o)
                              /usr/lib/gcc/arm-none-eabi/13.2.1/../../../arm-none-eabi/lib/thumb/v7e-m+fp/hard/libc_nano.a(libc_a-nano-vfprintf.o) (__sfvwrite_r)
/usr/lib/gcc/arm-none-eabi/13.2.1/../../../arm-none-eabi/lib/thumb/v7e-m+fp/hard/libc_nano.a(libc_a-findfp.o)
                              /usr/lib/gcc/arm-none-eabi/13.2.1/../../../arm-none-eabi/lib/thumb/v7e-m+fp/hard/libc_nano.a(libc_a-nano-vfprintf.o) (__sinit)
/usr/lib/gcc/arm-none-eabi/13.2.1/../../../arm-none-eabi/lib/thumb/v7e-m+fp/hard/libc_nano.a(libc_a-fflush.o)
                              /usr/lib/gcc/arm-none-eabi/13.2.1/../../../arm-none-eabi/lib/thumb/v7e-m+fp/hard/libc_nano.a(libc_a-wbuf.o) (_fflush_r)
/usr/lib/gcc/arm-none-eabi/13.2.1/../../../arm-none-eabi/lib/thumb/v7e-m+fp/hard/libc_nano.a(libc_a-mallocr.o)
                              /usr/lib/gcc/arm-none-eabi/13.2.1/../../../arm-none-eabi/lib/thumb/v7e-m+fp/hard/libc_nano.a(libc_a-nano-svfprintf.o) (_malloc_r)
/usr/lib/gcc/arm-none-eabi/13.2.1/../../../arm-none-eabi/lib/thumb/v7e-m+fp/hard/libc_nano.a(libc_a-freer.o)
                              /usr/lib/gcc/arm-none-eabi/13.2.1/../../../arm-none-eabi/lib/thumb/v7e-m+fp/hard/libc_nano.a(libc_a-nano-svfprintf.o) (_free_r)
/usr/lib/gcc/arm-none-eabi/13.2.1/../../../arm-none-eabi/lib/thumb/v7e-m+fp/hard/libc_nano.a(libc_a-memmove.o)
                              /usr/lib/gcc/arm-none-eabi/13.2.1/../../../arm-none-eabi/lib/thumb/v7e-m+fp/hard/libc_nano.a(libc_a-nano-svfprintf.o) (memmove)
[...]
Memory Configuration

Name             Origin             Length             Attributes
FLASH            0x08000000         0x00200000         xr
RAM              0x20000000         0x00070000         xrw
TCMRAM           0x10000000         0x00010000         xrw
*default*        0x00000000         0xffffffff

Linker script and memory map

LOAD /usr/lib/gcc/arm-none-eabi/13.2.1/thumb/v7e-m+fp/hard/crti.o
LOAD /usr/lib/gcc/arm-none-eabi/13.2.1/thumb/v7e-m+fp/hard/crtbegin.o
LOAD /usr/lib/gcc/arm-none-eabi/13.2.1/../../../arm-none-eabi/lib/thumb/v7e-m+fp/hard/crt0.o
LOAD CMakeFiles/gd32f450_template.elf.dir/main.c.obj
LOAD CMakeFiles/gd32f450_template.elf.dir/systick.c.obj
LOAD CMakeFiles/gd32f450_template.elf.dir/gd32f4xx_it.c.obj
LOAD CMakeFiles/gd32f450_template.elf.dir/app/app_display.c.obj
LOAD CMakeFiles/gd32f450_template.elf.dir/app/app_main.c.obj
LOAD CMakeFiles/gd32f450_template.elf.dir/app/app_protocol.c.obj
LOAD CMakeFiles/gd32f450_template.elf.dir/app/app_state.c.obj
LOAD CMakeFiles/gd32f450_template.elf.dir/app/app_storage.c.obj
LOAD CMakeFiles/gd32f450_template.elf.dir/bsp/bsp_adc.c.obj
LOAD CMakeFiles/gd32f450_template.elf.dir/bsp/bsp_dac.c.obj
LOAD CMakeFiles/gd32f450_template.elf.dir/bsp/bsp_flash.c.obj
LOAD CMakeFiles/gd32f450_template.elf.dir/bsp/bsp_gpio.c.obj
LOAD CMakeFiles/gd32f450_template.elf.dir/bsp/bsp_oled.c.obj
LOAD CMakeFiles/gd32f450_template.elf.dir/bsp/bsp_power.c.obj
LOAD CMakeFiles/gd32f450_template.elf.dir/bsp/bsp_rtc.c.obj
LOAD CMakeFiles/gd32f450_template.elf.dir/bsp/bsp_uart.c.obj
LOAD CMakeFiles/gd32f450_template.elf.dir/service/srv_display.c.obj
LOAD CMakeFiles/gd32f450_template.elf.dir/service/srv_power.c.obj
LOAD CMakeFiles/gd32f450_template.elf.dir/service/srv_protocol.c.obj
LOAD CMakeFiles/gd32f450_template.elf.dir/service/srv_sample.c.obj
LOAD CMakeFiles/gd32f450_template.elf.dir/service/srv_settings.c.obj
LOAD CMakeFiles/gd32f450_template.elf.dir/service/srv_storage.c.obj
LOAD CMakeFiles/gd32f450_template.elf.dir/common/crc16.c.obj
LOAD CMakeFiles/gd32f450_template.elf.dir/common/filter.c.obj
LOAD CMakeFiles/gd32f450_template.elf.dir/common/ringbuffer.c.obj
LOAD CMakeFiles/gd32f450_template.elf.dir/common/soft_timer.c.obj
LOAD CMakeFiles/gd32f450_template.elf.dir/bootloader/bl_flash.c.obj
LOAD CMakeFiles/gd32f450_template.elf.dir/bootloader/bl_jump.c.obj
LOAD CMakeFiles/gd32f450_template.elf.dir/bootloader/bl_main.c.obj
LOAD CMakeFiles/gd32f450_template.elf.dir/bootloader/bl_uart.c.obj
LOAD CMakeFiles/gd32f450_template.elf.dir/home/fristonp/Simens/Firmware/CMSIS/GD/GD32F4xx/Source/system_gd32f4xx.c.obj
LOAD CMakeFiles/gd32f450_template.elf.dir/home/fristonp/Simens/Utilities/gd32f450i_eval.c.obj
LOAD CMakeFiles/gd32f450_template.elf.dir/home/fristonp/Simens/Firmware/CMSIS/GD/GD32F4xx/Source/GCC/startup_gd32f450_470.S.obj
LOAD CMakeFiles/gd32f450_template.elf.dir/home/fristonp/Simens/Firmware/GD32F4xx_standard_peripheral/Source/gd32f4xx_adc.c.obj
LOAD CMakeFiles/gd32f450_template.elf.dir/home/fristonp/Simens/Firmware/GD32F4xx_standard_peripheral/Source/gd32f4xx_can.c.obj
LOAD CMakeFiles/gd32f450_template.elf.dir/home/fristonp/Simens/Firmware/GD32F4xx_standard_peripheral/Source/gd32f4xx_crc.c.obj
LOAD CMakeFiles/gd32f450_template.elf.dir/home/fristonp/Simens/Firmware/GD32F4xx_standard_peripheral/Source/gd32f4xx_ctc.c.obj
LOAD CMakeFiles/gd32f450_template.elf.dir/home/fristonp/Simens/Firmware/GD32F4xx_standard_peripheral/Source/gd32f4xx_dac.c.obj
LOAD CMakeFiles/gd32f450_template.elf.dir/home/fristonp/Simens/Firmware/GD32F4xx_standard_peripheral/Source/gd32f4xx_dbg.c.obj
LOAD CMakeFiles/gd32f450_template.elf.dir/home/fristonp/Simens/Firmware/GD32F4xx_standard_peripheral/Source/gd32f4xx_dci.c.obj
LOAD CMakeFiles/gd32f450_template.elf.dir/home/fristonp/Simens/Firmware/GD32F4xx_standard_peripheral/Source/gd32f4xx_dma.c.obj
LOAD CMakeFiles/gd32f450_template.elf.dir/home/fristonp/Simens/Firmware/GD32F4xx_standard_peripheral/Source/gd32f4xx_enet.c.obj
LOAD CMakeFiles/gd32f450_template.elf.dir/home/fristonp/Simens/Firmware/GD32F4xx_standard_peripheral/Source/gd32f4xx_exmc.c.obj
LOAD CMakeFiles/gd32f450_template.elf.dir/home/fristonp/Simens/Firmware/GD32F4xx_standard_peripheral/Source/gd32f4xx_exti.c.obj
LOAD CMakeFiles/gd32f450_template.elf.dir/home/fristonp/Simens/Firmware/GD32F4xx_standard_peripheral/Source/gd32f4xx_fmc.c.obj
LOAD CMakeFiles/gd32f450_template.elf.dir/home/fristonp/Simens/Firmware/GD32F4xx_standard_peripheral/Source/gd32f4xx_fwdgt.c.obj
LOAD CMakeFiles/gd32f450_template.elf.dir/home/fristonp/Simens/Firmware/GD32F4xx_standard_peripheral/Source/gd32f4xx_gpio.c.obj
LOAD CMakeFiles/gd32f450_template.elf.dir/home/fristonp/Simens/Firmware/GD32F4xx_standard_peripheral/Source/gd32f4xx_i2c.c.obj
LOAD CMakeFiles/gd32f450_template.elf.dir/home/fristonp/Simens/Firmware/GD32F4xx_standard_peripheral/Source/gd32f4xx_ipa.c.obj
LOAD CMakeFiles/gd32f450_template.elf.dir/home/fristonp/Simens/Firmware/GD32F4xx_standard_peripheral/Source/gd32f4xx_iref.c.obj
LOAD CMakeFiles/gd32f450_template.elf.dir/home/fristonp/Simens/Firmware/GD32F4xx_standard_peripheral/Source/gd32f4xx_misc.c.obj
LOAD CMakeFiles/gd32f450_template.elf.dir/home/fristonp/Simens/Firmware/GD32F4xx_standard_peripheral/Source/gd32f4xx_pmu.c.obj
LOAD CMakeFiles/gd32f450_template.elf.dir/home/fristonp/Simens/Firmware/GD32F4xx_standard_peripheral/Source/gd32f4xx_rcu.c.obj
LOAD CMakeFiles/gd32f450_template.elf.dir/home/fristonp/Simens/Firmware/GD32F4xx_standard_peripheral/Source/gd32f4xx_rtc.c.obj
LOAD CMakeFiles/gd32f450_template.elf.dir/home/fristonp/Simens/Firmware/GD32F4xx_standard_peripheral/Source/gd32f4xx_sdio.c.obj
LOAD CMakeFiles/gd32f450_template.elf.dir/home/fristonp/Simens/Firmware/GD32F4xx_standard_peripheral/Source/gd32f4xx_spi.c.obj
LOAD CMakeFiles/gd32f450_template.elf.dir/home/fristonp/Simens/Firmware/GD32F4xx_standard_peripheral/Source/gd32f4xx_syscfg.c.obj
LOAD CMakeFiles/gd32f450_template.elf.dir/home/fristonp/Simens/Firmware/GD32F4xx_standard_peripheral/Source/gd32f4xx_timer.c.obj
LOAD CMakeFiles/gd32f450_template.elf.dir/home/fristonp/Simens/Firmware/GD32F4xx_standard_peripheral/Source/gd32f4xx_tli.c.obj
LOAD CMakeFiles/gd32f450_template.elf.dir/home/fristonp/Simens/Firmware/GD32F4xx_standard_peripheral/Source/gd32f4xx_trng.c.obj
LOAD CMakeFiles/gd32f450_template.elf.dir/home/fristonp/Simens/Firmware/GD32F4xx_standard_peripheral/Source/gd32f4xx_usart.c.obj
LOAD CMakeFiles/gd32f450_template.elf.dir/home/fristonp/Simens/Firmware/GD32F4xx_standard_peripheral/Source/gd32f4xx_wwdgt.c.obj
START GROUP
LOAD /usr/lib/gcc/arm-none-eabi/13.2.1/thumb/v7e-m+fp/hard/libgcc.a
LOAD /usr/lib/gcc/arm-none-eabi/13.2.1/../../../arm-none-eabi/lib/thumb/v7e-m+fp/hard/libc_nano.a
END GROUP
START GROUP
LOAD /usr/lib/gcc/arm-none-eabi/13.2.1/thumb/v7e-m+fp/hard/libgcc.a
LOAD /usr/lib/gcc/arm-none-eabi/13.2.1/../../../arm-none-eabi/lib/thumb/v7e-m+fp/hard/libc_nano.a
LOAD /usr/lib/gcc/arm-none-eabi/13.2.1/../../../arm-none-eabi/lib/thumb/v7e-m+fp/hard/libnosys.a
END GROUP
START GROUP
LOAD /usr/lib/gcc/arm-none-eabi/13.2.1/thumb/v7e-m+fp/hard/libgcc.a
LOAD /usr/lib/gcc/arm-none-eabi/13.2.1/../../../arm-none-eabi/lib/thumb/v7e-m+fp/hard/libc_nano.a
LOAD /usr/lib/gcc/arm-none-eabi/13.2.1/../../../arm-none-eabi/lib/thumb/v7e-m+fp/hard/libnosys.a
END GROUP
LOAD /usr/lib/gcc/arm-none-eabi/13.2.1/thumb/v7e-m+fp/hard/crtend.o
LOAD /usr/lib/gcc/arm-none-eabi/13.2.1/thumb/v7e-m+fp/hard/crtn.o
                0x00000800                        __stack_size = DEFINED (__stack_size)?__stack_size:0x800
                0x00000400                        __heap_size = DEFINED (__heap_size)?__heap_size:0x400

.vectors        0x08000000      0x1ac
                0x08000000                        . = ALIGN (0x4)
 *(.vectors)
 .vectors       0x08000000      0x1ac CMakeFiles/gd32f450_template.elf.dir/home/fristonp/Simens/Firmware/CMSIS/GD/GD32F4xx/Source/GCC/startup_gd32f450_470.S.obj
                0x08000000                __gVectors
                0x080001ac                        . = ALIGN (0x4)
                0x080001ac                        __Vectors_End = .
                0x080001ac                        __Vectors_Size = (__Vectors_End - __gVectors)

.text           0x080001c0     0x5220
                0x080001c0                        . = ALIGN (0x4)
 *(.text)
 .text          0x080001c0       0x88 /usr/lib/gcc/arm-none-eabi/13.2.1/thumb/v7e-m+fp/hard/crtbegin.o
 .text          0x08000248       0x50 /usr/lib/gcc/arm-none-eabi/13.2.1/../../../arm-none-eabi/lib/thumb/v7e-m+fp/hard/libc_nano.a(libc_a-init.o)
                0x08000248                __libc_init_array
 *fill*         0x08000298       0x28 
 .text          0x080002c0       0xd8 /usr/lib/gcc/arm-none-eabi/13.2.1/../../../arm-none-eabi/lib/thumb/v7e-m+fp/hard/libc_nano.a(libc_a-strlen.o)
                0x080002c0                strlen
 .text          0x08000398       0xa4 /usr/lib/gcc/arm-none-eabi/13.2.1/../../../arm-none-eabi/lib/thumb/v7e-m+fp/hard/libc_nano.a(libc_a-memset.o)
                0x08000398                memset
 .text          0x0800043c      0x134 /usr/lib/gcc/arm-none-eabi/13.2.1/../../../arm-none-eabi/lib/thumb/v7e-m+fp/hard/libc_nano.a(libc_a-memcpy.o)
                0x0800043c                memcpy
 .text          0x08000570      0x114 /usr/lib/gcc/arm-none-eabi/13.2.1/../../../arm-none-eabi/lib/thumb/v7e-m+fp/hard/libc_nano.a(libc_a-snprintf.o)
                0x08000570                _sniprintf_r
                0x08000570                _snprintf_r
                0x080005f4                snprintf
                0x080005f4                sniprintf
 .text          0x08000684       0x5c /usr/lib/gcc/arm-none-eabi/13.2.1/../../../arm-none-eabi/lib/thumb/v7e-m+fp/hard/libc_nano.a(libc_a-memcmp.o)
                0x08000684                memcmp
 .text          0x080006e0       0x48 /usr/lib/gcc/arm-none-eabi/13.2.1/../../../arm-none-eabi/lib/thumb/v7e-m+fp/hard/libc_nano.a(libc_a-printf.o)
                0x080006e0                _printf_r
                0x080006e0                _iprintf_r
                0x08000700                printf
                0x08000700                iprintf
 .text          0x08000728      0x314 /usr/lib/gcc/arm-none-eabi/13.2.1/../../../arm-none-eabi/lib/thumb/v7e-m+fp/hard/libc_nano.a(libc_a-nano-vfprintf.o)
                0x08000764                __sfputs_r
                0x08000794                __sprint_r
                0x080007b4                _vfiprintf_r
                0x080007b4                _vfprintf_r
                0x08000a20                vfiprintf
                0x08000a20                vfprintf
 .text          0x08000a3c       0xa0 /usr/lib/gcc/arm-none-eabi/13.2.1/../../../arm-none-eabi/lib/thumb/v7e-m+fp/hard/libc_nano.a(libc_a-wbuf.o)
                0x08000a3c                __swbuf_r
                0x08000ac4                __swbuf
 .text          0x08000adc      0x400 /usr/lib/gcc/arm-none-eabi/13.2.1/../../../arm-none-eabi/lib/thumb/v7e-m+fp/hard/libc_nano.a(libc_a-nano-svfprintf.o)
                0x08000adc                __ssputs_r
                0x08000b9c                __ssprint_r
                0x08000ca4                _svfprintf_r
                0x08000ca4                _svfiprintf_r
 .text          0x08000edc      0x300 /usr/lib/gcc/arm-none-eabi/13.2.1/../../../arm-none-eabi/lib/thumb/v7e-m+fp/hard/libc_nano.a(libc_a-fvwrite.o)
                0x08000edc                __sfvwrite_r
 .text          0x080011dc      0x224 /usr/lib/gcc/arm-none-eabi/13.2.1/../../../arm-none-eabi/lib/thumb/v7e-m+fp/hard/libc_nano.a(libc_a-findfp.o)
                0x0800130c                __sfp
                0x080013b0                __sinit
                0x080013d0                __sfp_lock_acquire
                0x080013d4                __sfp_lock_release
                0x080013d8                __fp_lock_all
                0x080013ec                __fp_unlock_all
 .text          0x08001400      0x1a8 /usr/lib/gcc/arm-none-eabi/13.2.1/../../../arm-none-eabi/lib/thumb/v7e-m+fp/hard/libc_nano.a(libc_a-fflush.o)
                0x08001400                __sflush_r
                0x08001524                _fflush_r
                0x0800155c                fflush
 .text          0x080015a8      0x148 /usr/lib/gcc/arm-none-eabi/13.2.1/../../../arm-none-eabi/lib/thumb/v7e-m+fp/hard/libc_nano.a(libc_a-mallocr.o)
                0x080015f0                _malloc_r
 .text          0x080016f0       0xbc /usr/lib/gcc/arm-none-eabi/13.2.1/../../../arm-none-eabi/lib/thumb/v7e-m+fp/hard/libc_nano.a(libc_a-freer.o)
                0x080016f0                _free_r
 .text          0x080017ac      0x100 /usr/lib/gcc/arm-none-eabi/13.2.1/../../../arm-none-eabi/lib/thumb/v7e-m+fp/hard/libc_nano.a(libc_a-memmove.o)
                0x080017ac                memmove
 .text          0x080018ac       0x44 /usr/lib/gcc/arm-none-eabi/13.2.1/../../../arm-none-eabi/lib/thumb/v7e-m+fp/hard/libc_nano.a(libc_a-fwalk.o)
                0x080018ac                _fwalk_sglue
 .text          0x080018f0       0xa0 /usr/lib/gcc/arm-none-eabi/13.2.1/../../../arm-none-eabi/lib/thumb/v7e-m+fp/hard/libc_nano.a(libc_a-memchr.o)
                0x080018f0                memchr
 .text          0x08001990       0xc4 /usr/lib/gcc/arm-none-eabi/13.2.1/../../../arm-none-eabi/lib/thumb/v7e-m+fp/hard/libc_nano.a(libc_a-wsetup.o)
                0x08001990                __swsetup_r
 .text          0x08001a54       0x64 /usr/lib/gcc/arm-none-eabi/13.2.1/../../../arm-none-eabi/lib/thumb/v7e-m+fp/hard/libc_nano.a(libc_a-reallocr.o)
                0x08001a54                _realloc_r
 .text          0x08001ab8      0x3a8 /usr/lib/gcc/arm-none-eabi/13.2.1/../../../arm-none-eabi/lib/thumb/v7e-m+fp/hard/libc_nano.a(libc_a-nano-vfprintf_i.o)
                0x08001ab8                _printf_common
                0x08001bdc                _printf_i
 .text          0x08001e60        0x8 /usr/lib/gcc/arm-none-eabi/13.2.1/../../../arm-none-eabi/lib/thumb/v7e-m+fp/hard/libc_nano.a(libc_a-mlock.o)
                0x08001e60                __malloc_lock
                0x08001e64                __malloc_unlock
 .text          0x08001e68      0x114 /usr/lib/gcc/arm-none-eabi/13.2.1/../../../arm-none-eabi/lib/thumb/v7e-m+fp/hard/libc_nano.a(libc_a-makebuf.o)
                0x08001e68                __smakebuf_r
                0x08001f2c                __swhatbuf_r
 .text          0x08001f7c       0x24 /usr/lib/gcc/arm-none-eabi/13.2.1/../../../arm-none-eabi/lib/thumb/v7e-m+fp/hard/libc_nano.a(libc_a-isattyr.o)
                0x08001f7c                _isatty_r
 .text          0x08001fa0       0x24 /usr/lib/gcc/arm-none-eabi/13.2.1/../../../arm-none-eabi/lib/thumb/v7e-m+fp/hard/libc_nano.a(libc_a-sbrkr.o)
                0x08001fa0                _sbrk_r
 .text          0x08001fc4       0x94 /usr/lib/gcc/arm-none-eabi/13.2.1/../../../arm-none-eabi/lib/thumb/v7e-m+fp/hard/libc_nano.a(libc_a-stdio.o)
                0x08001fc4                __sread
                0x08001fe8                __seofread
                0x08001fec                __swrite
                0x0800202c                __sseek
                0x08002050                __sclose
 .text          0x08002058       0x10 /usr/lib/gcc/arm-none-eabi/13.2.1/../../../arm-none-eabi/lib/thumb/v7e-m+fp/hard/libc_nano.a(libc_a-msizer.o)
                0x08002058                _malloc_usable_size_r
 .text          0x08002068       0x24 /usr/lib/gcc/arm-none-eabi/13.2.1/../../../arm-none-eabi/lib/thumb/v7e-m+fp/hard/libc_nano.a(libc_a-closer.o)
                0x08002068                _close_r
 .text          0x0800208c       0x2c /usr/lib/gcc/arm-none-eabi/13.2.1/../../../arm-none-eabi/lib/thumb/v7e-m+fp/hard/libc_nano.a(libc_a-readr.o)
                0x0800208c                _read_r
 .text          0x080020b8       0x2c /usr/lib/gcc/arm-none-eabi/13.2.1/../../../arm-none-eabi/lib/thumb/v7e-m+fp/hard/libc_nano.a(libc_a-fstatr.o)
                0x080020b8                _fstat_r
 .text          0x080020e4       0x2c /usr/lib/gcc/arm-none-eabi/13.2.1/../../../arm-none-eabi/lib/thumb/v7e-m+fp/hard/libc_nano.a(libc_a-lseekr.o)
                0x080020e4                _lseek_r
 .text          0x08002110       0x2c /usr/lib/gcc/arm-none-eabi/13.2.1/../../../arm-none-eabi/lib/thumb/v7e-m+fp/hard/libc_nano.a(libc_a-writer.o)
                0x08002110                _write_r
 .text          0x0800213c       0x10 /usr/lib/gcc/arm-none-eabi/13.2.1/../../../arm-none-eabi/lib/thumb/v7e-m+fp/hard/libnosys.a(close.o)
                0x0800213c                _close
 .text          0x0800214c       0x10 /usr/lib/gcc/arm-none-eabi/13.2.1/../../../arm-none-eabi/lib/thumb/v7e-m+fp/hard/libnosys.a(fstat.o)
                0x0800214c                _fstat
 .text          0x0800215c       0x10 /usr/lib/gcc/arm-none-eabi/13.2.1/../../../arm-none-eabi/lib/thumb/v7e-m+fp/hard/libnosys.a(isatty.o)
                0x0800215c                _isatty
 .text          0x0800216c       0x10 /usr/lib/gcc/arm-none-eabi/13.2.1/../../../arm-none-eabi/lib/thumb/v7e-m+fp/hard/libnosys.a(lseek.o)
                0x0800216c                _lseek
 .text          0x0800217c       0x10 /usr/lib/gcc/arm-none-eabi/13.2.1/../../../arm-none-eabi/lib/thumb/v7e-m+fp/hard/libnosys.a(read.o)
                0x0800217c                _read
 .text          0x0800218c       0x1c /usr/lib/gcc/arm-none-eabi/13.2.1/../../../arm-none-eabi/lib/thumb/v7e-m+fp/hard/libnosys.a(sbrk.o)
                0x0800218c                _sbrk
 .text          0x080021a8       0x10 /usr/lib/gcc/arm-none-eabi/13.2.1/../../../arm-none-eabi/lib/thumb/v7e-m+fp/hard/libnosys.a(write.o)
                0x080021a8                _write
 *(.text*)
 .text.main     0x080021b8       0x12 CMakeFiles/gd32f450_template.elf.dir/main.c.obj
                0x080021b8                main
 *fill*         0x080021ca        0x2 
 .text.systick_config
                0x080021cc       0x40 CMakeFiles/gd32f450_template.elf.dir/systick.c.obj
                0x080021cc                systick_config
 .text.delay_1ms
                0x0800220c       0x14 CMakeFiles/gd32f450_template.elf.dir/systick.c.obj
                0x0800220c                delay_1ms
 .text.systick_irq_handler
                0x08002220       0x20 CMakeFiles/gd32f450_template.elf.dir/systick.c.obj
                0x08002220                systick_irq_handler
 .text.systick_ms_get
                0x08002240        0xc CMakeFiles/gd32f450_template.elf.dir/systick.c.obj
                0x08002240                systick_ms_get
 .text.NMI_Handler
                0x0800224c        0x2 CMakeFiles/gd32f450_template.elf.dir/gd32f4xx_it.c.obj
                0x0800224c                NMI_Handler
 .text.HardFault_Handler
                0x0800224e        0x2 CMakeFiles/gd32f450_template.elf.dir/gd32f4xx_it.c.obj
                0x0800224e                HardFault_Handler
 .text.MemManage_Handler
                0x08002250        0x2 CMakeFiles/gd32f450_template.elf.dir/gd32f4xx_it.c.obj
                0x08002250                MemManage_Handler
 .text.BusFault_Handler
                0x08002252        0x2 CMakeFiles/gd32f450_template.elf.dir/gd32f4xx_it.c.obj
                0x08002252                BusFault_Handler
 .text.UsageFault_Handler
                0x08002254        0x2 CMakeFiles/gd32f450_template.elf.dir/gd32f4xx_it.c.obj
                0x08002254                UsageFault_Handler
 .text.SVC_Handler
                0x08002256        0x2 CMakeFiles/gd32f450_template.elf.dir/gd32f4xx_it.c.obj
                0x08002256                SVC_Handler
 .text.DebugMon_Handler
                0x08002258        0x2 CMakeFiles/gd32f450_template.elf.dir/gd32f4xx_it.c.obj
                0x08002258                DebugMon_Handler
 .text.PendSV_Handler
                0x0800225a        0x2 CMakeFiles/gd32f450_template.elf.dir/gd32f4xx_it.c.obj
                0x0800225a                PendSV_Handler
 .text.SysTick_Handler
                0x0800225c        0x8 CMakeFiles/gd32f450_template.elf.dir/gd32f4xx_it.c.obj
                0x0800225c                SysTick_Handler
 .text.EXTI0_IRQHandler
                0x08002264        0xa CMakeFiles/gd32f450_template.elf.dir/gd32f4xx_it.c.obj
                0x08002264                EXTI0_IRQHandler
 .text.EXTI10_15_IRQHandler
                0x0800226e       0x30 CMakeFiles/gd32f450_template.elf.dir/gd32f4xx_it.c.obj
                0x0800226e                EXTI10_15_IRQHandler
 .text.USART0_IRQHandler
                0x0800229e        0x8 CMakeFiles/gd32f450_template.elf.dir/gd32f4xx_it.c.obj
                0x0800229e                USART0_IRQHandler
 *fill*         0x080022a6        0x2 
 .text.app_display_status_text
                0x080022a8       0x34 CMakeFiles/gd32f450_template.elf.dir/app/app_display.c.obj
 .text.app_display_format_time
                0x080022dc       0x24 CMakeFiles/gd32f450_template.elf.dir/app/app_display.c.obj
 .text.app_display_format_temp
                0x08002300       0x50 CMakeFiles/gd32f450_template.elf.dir/app/app_display.c.obj
 .text.app_display_render
                0x08002350      0x324 CMakeFiles/gd32f450_template.elf.dir/app/app_display.c.obj
                0x08002350                app_display_render
 .text.app_main_update_runtime_flags
                0x08002674       0x5c CMakeFiles/gd32f450_template.elf.dir/app/app_main.c.obj
 .text.app_main_init
                0x080026d0       0xe4 CMakeFiles/gd32f450_template.elf.dir/app/app_main.c.obj
                0x080026d0                app_main_init
 .text.app_main_process
                0x080027b4      0x138 CMakeFiles/gd32f450_template.elf.dir/app/app_main.c.obj
                0x080027b4                app_main_process
 .text.app_main_run
                0x080028ec        0x8 CMakeFiles/gd32f450_template.elf.dir/app/app_main.c.obj
                0x080028ec                app_main_run
 .text.app_protocol_read_u16_be
                0x080028f4        0xa CMakeFiles/gd32f450_template.elf.dir/app/app_protocol.c.obj
 .text.app_protocol_write_u16_be
                0x080028fe        0x8 CMakeFiles/gd32f450_template.elf.dir/app/app_protocol.c.obj
 *fill*         0x08002906        0x2 
 .text.app_protocol_pack_datetime
                0x08002908       0x30 CMakeFiles/gd32f450_template.elf.dir/app/app_protocol.c.obj
 .text.app_protocol_send_sample
                0x08002938       0x44 CMakeFiles/gd32f450_template.elf.dir/app/app_protocol.c.obj
 .text.app_protocol_send_status
                0x0800297c       0x68 CMakeFiles/gd32f450_template.elf.dir/app/app_protocol.c.obj
 .text.app_protocol_handle_read_history
                0x080029e4      0x174 CMakeFiles/gd32f450_template.elf.dir/app/app_protocol.c.obj
 .text.app_protocol_poll
                0x08002b58      0x1ae CMakeFiles/gd32f450_template.elf.dir/app/app_protocol.c.obj
                0x08002b58                app_protocol_poll
 .text.app_state_next_mode
                0x08002d06       0x1c CMakeFiles/gd32f450_template.elf.dir/app/app_state.c.obj
 .text.app_state_adjust_config
                0x08002d22       0x9c CMakeFiles/gd32f450_template.elf.dir/app/app_state.c.obj
 .text.app_state_set
                0x08002dbe       0x90 CMakeFiles/gd32f450_template.elf.dir/app/app_state.c.obj
                0x08002dbe                app_state_set
 .text.app_state_init
                0x08002e4e       0x2a CMakeFiles/gd32f450_template.elf.dir/app/app_state.c.obj
                0x08002e4e                app_state_init
 .text.app_state_set_by_mode_id
                0x08002e78       0x1e CMakeFiles/gd32f450_template.elf.dir/app/app_state.c.obj
                0x08002e78                app_state_set_by_mode_id
 *fill*         0x08002e96        0x2 
 .text.app_state_process_keys
                0x08002e98      0x148 CMakeFiles/gd32f450_template.elf.dir/app/app_state.c.obj
                0x08002e98                app_state_process_keys
 .text.app_state_update_leds
                0x08002fe0      0x114 CMakeFiles/gd32f450_template.elf.dir/app/app_state.c.obj
                0x08002fe0                app_state_update_leds
 .text.app_state_name
                0x080030f4       0x50 CMakeFiles/gd32f450_template.elf.dir/app/app_state.c.obj
                0x080030f4                app_state_name
 .text.app_storage_append_latest
                0x08003144       0x62 CMakeFiles/gd32f450_template.elf.dir/app/app_storage.c.obj
                0x08003144                app_storage_append_latest
 .text.app_storage_get_replay_record
                0x080031a6       0x12 CMakeFiles/gd32f450_template.elf.dir/app/app_storage.c.obj
                0x080031a6                app_storage_get_replay_record
 .text.app_storage_next_record
                0x080031b8       0x1a CMakeFiles/gd32f450_template.elf.dir/app/app_storage.c.obj
                0x080031b8                app_storage_next_record
 .text.app_storage_previous_record
                0x080031d2       0x1a CMakeFiles/gd32f450_template.elf.dir/app/app_storage.c.obj
                0x080031d2                app_storage_previous_record
 .text.app_storage_clear
                0x080031ec       0x18 CMakeFiles/gd32f450_template.elf.dir/app/app_storage.c.obj
                0x080031ec                app_storage_clear
 .text.bsp_adc_init
                0x08003204       0x88 CMakeFiles/gd32f450_template.elf.dir/bsp/bsp_adc.c.obj
                0x08003204                bsp_adc_init
 .text.bsp_adc_read_raw
                0x0800328c       0x2c CMakeFiles/gd32f450_template.elf.dir/bsp/bsp_adc.c.obj
                0x0800328c                bsp_adc_read_raw
 .text.bsp_adc_raw_to_mv
                0x080032b8       0x20 CMakeFiles/gd32f450_template.elf.dir/bsp/bsp_adc.c.obj
                0x080032b8                bsp_adc_raw_to_mv
 .text.bsp_adc_mv_to_temperature_centi
                0x080032d8       0x26 CMakeFiles/gd32f450_template.elf.dir/bsp/bsp_adc.c.obj
                0x080032d8                bsp_adc_mv_to_temperature_centi
 *fill*         0x080032fe        0x2 
 .text.bsp_dac_set_raw
                0x08003300       0x28 CMakeFiles/gd32f450_template.elf.dir/bsp/bsp_dac.c.obj
                0x08003300                bsp_dac_set_raw
 .text.bsp_dac_init
                0x08003328       0x50 CMakeFiles/gd32f450_template.elf.dir/bsp/bsp_dac.c.obj
                0x08003328                bsp_dac_init
 .text.bsp_dac_get_raw
                0x08003378        0xc CMakeFiles/gd32f450_template.elf.dir/bsp/bsp_dac.c.obj
                0x08003378                bsp_dac_get_raw
 .text.bsp_flash_header_valid
                0x08003384       0x28 CMakeFiles/gd32f450_template.elf.dir/bsp/bsp_flash.c.obj
 .text.bsp_flash_prepare_domain
                0x080033ac       0x18 CMakeFiles/gd32f450_template.elf.dir/bsp/bsp_flash.c.obj
 .text.bsp_flash_erase_all
                0x080033c4       0x2c CMakeFiles/gd32f450_template.elf.dir/bsp/bsp_flash.c.obj
                0x080033c4                bsp_flash_erase_all
 .text.bsp_flash_init
                0x080033f0       0x1c CMakeFiles/gd32f450_template.elf.dir/bsp/bsp_flash.c.obj
                0x080033f0                bsp_flash_init
 .text.bsp_flash_record_count
                0x0800340c       0x18 CMakeFiles/gd32f450_template.elf.dir/bsp/bsp_flash.c.obj
                0x0800340c                bsp_flash_record_count
 .text.bsp_flash_append_record
                0x08003424       0x50 CMakeFiles/gd32f450_template.elf.dir/bsp/bsp_flash.c.obj
                0x08003424                bsp_flash_append_record
 .text.bsp_flash_read_record
                0x08003474       0x3c CMakeFiles/gd32f450_template.elf.dir/bsp/bsp_flash.c.obj
                0x08003474                bsp_flash_read_record
 .text.bsp_flash_record_capacity
                0x080034b0        0x4 CMakeFiles/gd32f450_template.elf.dir/bsp/bsp_flash.c.obj
                0x080034b0                bsp_flash_record_capacity
 .text.bsp_gpio_init
                0x080034b4       0x64 CMakeFiles/gd32f450_template.elf.dir/bsp/bsp_gpio.c.obj
                0x080034b4                bsp_gpio_init
 .text.bsp_gpio_poll
                0x08003518       0xc8 CMakeFiles/gd32f450_template.elf.dir/bsp/bsp_gpio.c.obj
                0x08003518                bsp_gpio_poll
 .text.bsp_gpio_take_key_event
                0x080035e0       0x14 CMakeFiles/gd32f450_template.elf.dir/bsp/bsp_gpio.c.obj
                0x080035e0                bsp_gpio_take_key_event
 .text.bsp_gpio_set_led
                0x080035f4       0x1c CMakeFiles/gd32f450_template.elf.dir/bsp/bsp_gpio.c.obj
                0x080035f4                bsp_gpio_set_led
 .text.bsp_gpio_take_wakeup_flag
                0x08003610       0x10 CMakeFiles/gd32f450_template.elf.dir/bsp/bsp_gpio.c.obj
                0x08003610                bsp_gpio_take_wakeup_flag
 .text.bsp_gpio_exti_irq_handler
                0x08003620       0x30 CMakeFiles/gd32f450_template.elf.dir/bsp/bsp_gpio.c.obj
                0x08003620                bsp_gpio_exti_irq_handler
 .text.oled_copy_line
                0x08003650       0x30 CMakeFiles/gd32f450_template.elf.dir/bsp/bsp_oled.c.obj
 .text.bsp_oled_clear
                0x08003680       0x34 CMakeFiles/gd32f450_template.elf.dir/bsp/bsp_oled.c.obj
                0x08003680                bsp_oled_clear
 .text.bsp_oled_init
                0x080036b4       0x1c CMakeFiles/gd32f450_template.elf.dir/bsp/bsp_oled.c.obj
                0x080036b4                bsp_oled_init
 .text.bsp_oled_write_line
                0x080036d0       0x1c CMakeFiles/gd32f450_template.elf.dir/bsp/bsp_oled.c.obj
                0x080036d0                bsp_oled_write_line
 .text.bsp_oled_refresh
                0x080036ec       0x64 CMakeFiles/gd32f450_template.elf.dir/bsp/bsp_oled.c.obj
                0x080036ec                bsp_oled_refresh
 .text.bsp_power_init
                0x08003750        0x2 CMakeFiles/gd32f450_template.elf.dir/bsp/bsp_power.c.obj
                0x08003750                bsp_power_init
 .text.bsp_power_enter_sleep
                0x08003752        0xa CMakeFiles/gd32f450_template.elf.dir/bsp/bsp_power.c.obj
                0x08003752                bsp_power_enter_sleep
 .text.rtc_bin_to_bcd
                0x0800375c       0x20 CMakeFiles/gd32f450_template.elf.dir/bsp/bsp_rtc.c.obj
 .text.rtc_bcd_to_bin
                0x0800377c       0x12 CMakeFiles/gd32f450_template.elf.dir/bsp/bsp_rtc.c.obj
 *fill*         0x0800378e        0x2 
 .text.rtc_is_leap_year
                0x08003790       0x40 CMakeFiles/gd32f450_template.elf.dir/bsp/bsp_rtc.c.obj
 .text.rtc_days_in_month
                0x080037d0       0x20 CMakeFiles/gd32f450_template.elf.dir/bsp/bsp_rtc.c.obj
 .text.rtc_compute_day_of_week
                0x080037f0       0x88 CMakeFiles/gd32f450_template.elf.dir/bsp/bsp_rtc.c.obj
 .text.rtc_datetime_is_valid
                0x08003878       0x58 CMakeFiles/gd32f450_template.elf.dir/bsp/bsp_rtc.c.obj
 .text.rtc_backup_reg_addr
                0x080038d0        0xc CMakeFiles/gd32f450_template.elf.dir/bsp/bsp_rtc.c.obj
 .text.bsp_rtc_set_datetime
                0x080038dc       0xa8 CMakeFiles/gd32f450_template.elf.dir/bsp/bsp_rtc.c.obj
                0x080038dc                bsp_rtc_set_datetime
 .text.rtc_apply_default_time
                0x08003984       0x20 CMakeFiles/gd32f450_template.elf.dir/bsp/bsp_rtc.c.obj
 .text.bsp_rtc_init
                0x080039a4       0x64 CMakeFiles/gd32f450_template.elf.dir/bsp/bsp_rtc.c.obj
                0x080039a4                bsp_rtc_init
 .text.bsp_rtc_get_datetime
                0x08003a08       0x56 CMakeFiles/gd32f450_template.elf.dir/bsp/bsp_rtc.c.obj
                0x08003a08                bsp_rtc_get_datetime
 .text.bsp_rtc_backup_read
                0x08003a5e       0x12 CMakeFiles/gd32f450_template.elf.dir/bsp/bsp_rtc.c.obj
                0x08003a5e                bsp_rtc_backup_read
 .text.bsp_rtc_backup_write
                0x08003a70       0x22 CMakeFiles/gd32f450_template.elf.dir/bsp/bsp_rtc.c.obj
                0x08003a70                bsp_rtc_backup_write
 *fill*         0x08003a92        0x2 
 .text.bsp_uart_init
                0x08003a94       0x44 CMakeFiles/gd32f450_template.elf.dir/bsp/bsp_uart.c.obj
                0x08003a94                bsp_uart_init
 .text.bsp_uart_irq_handler
                0x08003ad8       0x38 CMakeFiles/gd32f450_template.elf.dir/bsp/bsp_uart.c.obj
                0x08003ad8                bsp_uart_irq_handler
 .text.bsp_uart_read_byte
                0x08003b10       0x10 CMakeFiles/gd32f450_template.elf.dir/bsp/bsp_uart.c.obj
                0x08003b10                bsp_uart_read_byte
 .text.bsp_uart_send_bytes
                0x08003b20       0x2c CMakeFiles/gd32f450_template.elf.dir/bsp/bsp_uart.c.obj
                0x08003b20                bsp_uart_send_bytes
 .text.bsp_uart_send_string
                0x08003b4c       0x2c CMakeFiles/gd32f450_template.elf.dir/bsp/bsp_uart.c.obj
                0x08003b4c                bsp_uart_send_string
 .text.bsp_uart_take_activity_flag
                0x08003b78       0x10 CMakeFiles/gd32f450_template.elf.dir/bsp/bsp_uart.c.obj
                0x08003b78                bsp_uart_take_activity_flag
 .text.srv_display_init
                0x08003b88        0x8 CMakeFiles/gd32f450_template.elf.dir/service/srv_display.c.obj
                0x08003b88                srv_display_init
 .text.srv_display_present
                0x08003b90       0x2e CMakeFiles/gd32f450_template.elf.dir/service/srv_display.c.obj
                0x08003b90                srv_display_present
 *fill*         0x08003bbe        0x2 
 .text.srv_power_init
                0x08003bc0        0xc CMakeFiles/gd32f450_template.elf.dir/service/srv_power.c.obj
                0x08003bc0                srv_power_init
 .text.srv_power_mark_activity
                0x08003bcc        0xc CMakeFiles/gd32f450_template.elf.dir/service/srv_power.c.obj
                0x08003bcc                srv_power_mark_activity
 .text.srv_power_wake
                0x08003bd8        0xc CMakeFiles/gd32f450_template.elf.dir/service/srv_power.c.obj
                0x08003bd8                srv_power_wake
 .text.srv_power_should_enter_sleep
                0x08003be4       0x30 CMakeFiles/gd32f450_template.elf.dir/service/srv_power.c.obj
                0x08003be4                srv_power_should_enter_sleep
 .text.protocol_parser_reset
                0x08003c14       0x14 CMakeFiles/gd32f450_template.elf.dir/service/srv_protocol.c.obj
 .text.srv_protocol_init
                0x08003c28        0x8 CMakeFiles/gd32f450_template.elf.dir/service/srv_protocol.c.obj
                0x08003c28                srv_protocol_init
 .text.srv_protocol_poll
                0x08003c30      0x144 CMakeFiles/gd32f450_template.elf.dir/service/srv_protocol.c.obj
                0x08003c30                srv_protocol_poll
 .text.srv_protocol_send_frame
                0x08003d74       0x5c CMakeFiles/gd32f450_template.elf.dir/service/srv_protocol.c.obj
                0x08003d74                srv_protocol_send_frame
 .text.srv_protocol_send_status
                0x08003dd0       0x16 CMakeFiles/gd32f450_template.elf.dir/service/srv_protocol.c.obj
                0x08003dd0                srv_protocol_send_status
 *fill*         0x08003de6        0x2 
 .text.srv_sample_init
                0x08003de8       0x24 CMakeFiles/gd32f450_template.elf.dir/service/srv_sample.c.obj
                0x08003de8                srv_sample_init
 .text.srv_sample_capture
                0x08003e0c       0x58 CMakeFiles/gd32f450_template.elf.dir/service/srv_sample.c.obj
                0x08003e0c                srv_sample_capture
 .text.srv_settings_valid_period
                0x08003e64       0x14 CMakeFiles/gd32f450_template.elf.dir/service/srv_settings.c.obj
 .text.srv_settings_validate
                0x08003e78       0x4e CMakeFiles/gd32f450_template.elf.dir/service/srv_settings.c.obj
 *fill*         0x08003ec6        0x2 
 .text.srv_settings_load
                0x08003ec8       0x90 CMakeFiles/gd32f450_template.elf.dir/service/srv_settings.c.obj
                0x08003ec8                srv_settings_load
 .text.srv_settings_save
                0x08003f58       0x68 CMakeFiles/gd32f450_template.elf.dir/service/srv_settings.c.obj
                0x08003f58                srv_settings_save
 .text.srv_storage_init
                0x08003fc0        0x8 CMakeFiles/gd32f450_template.elf.dir/service/srv_storage.c.obj
                0x08003fc0                srv_storage_init
 .text.srv_storage_append
                0x08003fc8        0x8 CMakeFiles/gd32f450_template.elf.dir/service/srv_storage.c.obj
                0x08003fc8                srv_storage_append
 .text.srv_storage_read
                0x08003fd0        0x8 CMakeFiles/gd32f450_template.elf.dir/service/srv_storage.c.obj
                0x08003fd0                srv_storage_read
 .text.srv_storage_clear
                0x08003fd8        0x8 CMakeFiles/gd32f450_template.elf.dir/service/srv_storage.c.obj
                0x08003fd8                srv_storage_clear
 .text.srv_storage_count
                0x08003fe0        0x8 CMakeFiles/gd32f450_template.elf.dir/service/srv_storage.c.obj
                0x08003fe0                srv_storage_count
 .text.srv_storage_read_range
                0x08003fe8       0x3c CMakeFiles/gd32f450_template.elf.dir/service/srv_storage.c.obj
                0x08003fe8                srv_storage_read_range
 .text.srv_storage_capacity
                0x08004024        0x8 CMakeFiles/gd32f450_template.elf.dir/service/srv_storage.c.obj
                0x08004024                srv_storage_capacity
 .text.srv_storage_is_full
                0x0800402c       0x16 CMakeFiles/gd32f450_template.elf.dir/service/srv_storage.c.obj
                0x0800402c                srv_storage_is_full
 .text.crc16_modbus
                0x08004042       0x3e CMakeFiles/gd32f450_template.elf.dir/common/crc16.c.obj
                0x08004042                crc16_modbus
 .text.filter_ema_u16_init
                0x08004080        0xa CMakeFiles/gd32f450_template.elf.dir/common/filter.c.obj
                0x08004080                filter_ema_u16_init
 .text.filter_ema_u16_apply
                0x0800408a       0x26 CMakeFiles/gd32f450_template.elf.dir/common/filter.c.obj
                0x0800408a                filter_ema_u16_apply
 .text.ringbuffer_init
                0x080040b0        0xc CMakeFiles/gd32f450_template.elf.dir/common/ringbuffer.c.obj
                0x080040b0                ringbuffer_init
 .text.ringbuffer_push
                0x080040bc       0x32 CMakeFiles/gd32f450_template.elf.dir/common/ringbuffer.c.obj
                0x080040bc                ringbuffer_push
 .text.ringbuffer_pop
                0x080040ee       0x32 CMakeFiles/gd32f450_template.elf.dir/common/ringbuffer.c.obj
                0x080040ee                ringbuffer_pop
 .text.soft_timer_reached
                0x08004120        0x8 CMakeFiles/gd32f450_template.elf.dir/common/soft_timer.c.obj
 .text.soft_timer_stop
                0x08004128        0xc CMakeFiles/gd32f450_template.elf.dir/common/soft_timer.c.obj
                0x08004128                soft_timer_stop
 .text.soft_timer_start_periodic
                0x08004134        0xe CMakeFiles/gd32f450_template.elf.dir/common/soft_timer.c.obj
                0x08004134                soft_timer_start_periodic
 .text.soft_timer_expired
                0x08004142       0x2c CMakeFiles/gd32f450_template.elf.dir/common/soft_timer.c.obj
                0x08004142                soft_timer_expired
 *fill*         0x0800416e        0x2 
 .text.bl_main_init
                0x08004170       0x14 CMakeFiles/gd32f450_template.elf.dir/bootloader/bl_main.c.obj
                0x08004170                bl_main_init
 .text.bl_main_request_enter
                0x08004184       0x18 CMakeFiles/gd32f450_template.elf.dir/bootloader/bl_main.c.obj
                0x08004184                bl_main_request_enter
 .text.bl_main_process
                0x0800419c       0x2c CMakeFiles/gd32f450_template.elf.dir/bootloader/bl_main.c.obj
                0x0800419c                bl_main_process
 .text._soft_delay_
                0x080041c8       0x1e CMakeFiles/gd32f450_template.elf.dir/home/fristonp/Simens/Firmware/CMSIS/GD/GD32F4xx/Source/system_gd32f4xx.c.obj
 *fill*         0x080041e6        0x2 
 .text.system_clock_200m_25m_hxtal
                0x080041e8       0xf8 CMakeFiles/gd32f450_template.elf.dir/home/fristonp/Simens/Firmware/CMSIS/GD/GD32F4xx/Source/system_gd32f4xx.c.obj
 .text.system_clock_config
                0x080042e0        0x8 CMakeFiles/gd32f450_template.elf.dir/home/fristonp/Simens/Firmware/CMSIS/GD/GD32F4xx/Source/system_gd32f4xx.c.obj
 .text.SystemInit
                0x080042e8      0x170 CMakeFiles/gd32f450_template.elf.dir/home/fristonp/Simens/Firmware/CMSIS/GD/GD32F4xx/Source/system_gd32f4xx.c.obj
                0x080042e8                SystemInit
 .text.gd_eval_led_init
                0x08004458       0x44 CMakeFiles/gd32f450_template.elf.dir/home/fristonp/Simens/Utilities/gd32f450i_eval.c.obj
                0x08004458                gd_eval_led_init
 .text.gd_eval_led_on
                0x0800449c       0x18 CMakeFiles/gd32f450_template.elf.dir/home/fristonp/Simens/Utilities/gd32f450i_eval.c.obj
                0x0800449c                gd_eval_led_on
 .text.gd_eval_led_off
                0x080044b4       0x18 CMakeFiles/gd32f450_template.elf.dir/home/fristonp/Simens/Utilities/gd32f450i_eval.c.obj
                0x080044b4                gd_eval_led_off
 .text.gd_eval_key_init
                0x080044cc       0x80 CMakeFiles/gd32f450_template.elf.dir/home/fristonp/Simens/Utilities/gd32f450i_eval.c.obj
                0x080044cc                gd_eval_key_init
 .text.gd_eval_key_state_get
                0x0800454c       0x1c CMakeFiles/gd32f450_template.elf.dir/home/fristonp/Simens/Utilities/gd32f450i_eval.c.obj
                0x0800454c                gd_eval_key_state_get
 .text.gd_eval_com_init
                0x08004568       0x94 CMakeFiles/gd32f450_template.elf.dir/home/fristonp/Simens/Utilities/gd32f450i_eval.c.obj
                0x08004568                gd_eval_com_init
 .text.Reset_Handler
                0x080045fc       0x48 CMakeFiles/gd32f450_template.elf.dir/home/fristonp/Simens/Firmware/CMSIS/GD/GD32F4xx/Source/GCC/startup_gd32f450_470.S.obj
                0x080045fc                Reset_Handler
 .text.Default_Handler
                0x08004644        0x2 CMakeFiles/gd32f450_template.elf.dir/home/fristonp/Simens/Firmware/CMSIS/GD/GD32F4xx/Source/GCC/startup_gd32f450_470.S.obj
                0x08004644                RTC_Alarm_IRQHandler
                0x08004644                EXTI2_IRQHandler
                0x08004644                TIMER2_IRQHandler
                0x08004644                LVD_IRQHandler
                0x08004644                SPI4_IRQHandler
                0x08004644                CAN1_EWMC_IRQHandler
                0x08004644                TIMER7_UP_TIMER12_IRQHandler
                0x08004644                SDIO_IRQHandler
                0x08004644                EXTI3_IRQHandler
                0x08004644                DCI_IRQHandler
                0x08004644                USBFS_WKUP_IRQHandler
                0x08004644                USBHS_IRQHandler
                0x08004644                IPA_IRQHandler
                0x08004644                TIMER5_DAC_IRQHandler
                0x08004644                TIMER0_TRG_CMT_TIMER10_IRQHandler
                0x08004644                USBFS_IRQHandler
                0x08004644                TIMER3_IRQHandler
                0x08004644                DMA0_Channel6_IRQHandler
                0x08004644                I2C0_EV_IRQHandler
                0x08004644                I2C2_EV_IRQHandler
                0x08004644                CAN1_RX0_IRQHandler
                0x08004644                FPU_IRQHandler
                0x08004644                TIMER7_TRG_CMT_TIMER13_IRQHandler
                0x08004644                TIMER4_IRQHandler
                0x08004644                SPI1_IRQHandler
                0x08004644                DMA0_Channel0_IRQHandler
                0x08004644                USART5_IRQHandler
                0x08004644                TIMER0_BRK_TIMER8_IRQHandler
                0x08004644                DMA1_Channel0_IRQHandler
                0x08004644                TIMER7_BRK_TIMER11_IRQHandler
                0x08004644                TIMER6_IRQHandler
                0x08004644                DMA1_Channel4_IRQHandler
                0x08004644                DMA0_Channel3_IRQHandler
                0x08004644                I2C0_ER_IRQHandler
                0x08004644                TLI_IRQHandler
                0x08004644                TIMER0_UP_TIMER9_IRQHandler
                0x08004644                DMA1_Channel7_IRQHandler
                0x08004644                CAN1_RX1_IRQHandler
                0x08004644                DMA0_Channel2_IRQHandler
                0x08004644                TIMER1_IRQHandler
                0x08004644                I2C1_EV_IRQHandler
                0x08004644                DMA1_Channel6_IRQHandler
                0x08004644                UART4_IRQHandler
                0x08004644                DMA1_Channel1_IRQHandler
                0x08004644                Default_Handler
                0x08004644                TIMER7_Channel_IRQHandler
                0x08004644                DMA0_Channel7_IRQHandler
                0x08004644                ADC_IRQHandler
                0x08004644                CAN0_TX_IRQHandler
                0x08004644                WWDGT_IRQHandler
                0x08004644                EXMC_IRQHandler
                0x08004644                SPI5_IRQHandler
                0x08004644                TAMPER_STAMP_IRQHandler
                0x08004644                RTC_WKUP_IRQHandler
                0x08004644                SPI2_IRQHandler
                0x08004644                CAN1_TX_IRQHandler
                0x08004644                RCU_CTC_IRQHandler
                0x08004644                DMA1_Channel5_IRQHandler
                0x08004644                EXTI4_IRQHandler
                0x08004644                CAN0_RX1_IRQHandler
                0x08004644                DMA0_Channel5_IRQHandler
                0x08004644                DMA1_Channel3_IRQHandler
                0x08004644                EXTI5_9_IRQHandler
                0x08004644                DMA0_Channel1_IRQHandler
                0x08004644                TIMER0_Channel_IRQHandler
                0x08004644                EXTI1_IRQHandler
                0x08004644                ENET_WKUP_IRQHandler
                0x08004644                USBHS_EP1_In_IRQHandler
                0x08004644                SPI0_IRQHandler
                0x08004644                UART7_IRQHandler
                0x08004644                USART2_IRQHandler
                0x08004644                UART6_IRQHandler
                0x08004644                CAN0_EWMC_IRQHandler
                0x08004644                CAN0_RX0_IRQHandler
                0x08004644                I2C2_ER_IRQHandler
                0x08004644                DMA1_Channel2_IRQHandler
                0x08004644                TLI_ER_IRQHandler
                0x08004644                USART1_IRQHandler
                0x08004644                SPI3_IRQHandler
                0x08004644                UART3_IRQHandler
                0x08004644                I2C1_ER_IRQHandler
                0x08004644                FMC_IRQHandler
                0x08004644                USBHS_WKUP_IRQHandler
                0x08004644                DMA0_Channel4_IRQHandler
                0x08004644                TRNG_IRQHandler
                0x08004644                ENET_IRQHandler
                0x08004644                USBHS_EP1_Out_IRQHandler
 .text.adc_deinit
                0x08004646       0x14 CMakeFiles/gd32f450_template.elf.dir/home/fristonp/Simens/Firmware/GD32F4xx_standard_peripheral/Source/gd32f4xx_adc.c.obj
                0x08004646                adc_deinit
 *fill*         0x0800465a        0x2 
 .text.adc_clock_config
                0x0800465c       0x20 CMakeFiles/gd32f450_template.elf.dir/home/fristonp/Simens/Firmware/GD32F4xx_standard_peripheral/Source/gd32f4xx_adc.c.obj
                0x0800465c                adc_clock_config
 .text.adc_special_function_config
                0x0800467c       0x5a CMakeFiles/gd32f450_template.elf.dir/home/fristonp/Simens/Firmware/GD32F4xx_standard_peripheral/Source/gd32f4xx_adc.c.obj
                0x0800467c                adc_special_function_config
 .text.adc_data_alignment_config
                0x080046d6       0x16 CMakeFiles/gd32f450_template.elf.dir/home/fristonp/Simens/Firmware/GD32F4xx_standard_peripheral/Source/gd32f4xx_adc.c.obj
                0x080046d6                adc_data_alignment_config
 .text.adc_enable
                0x080046ec       0x12 CMakeFiles/gd32f450_template.elf.dir/home/fristonp/Simens/Firmware/GD32F4xx_standard_peripheral/Source/gd32f4xx_adc.c.obj
                0x080046ec                adc_enable
 .text.adc_resolution_config
                0x080046fe       0x10 CMakeFiles/gd32f450_template.elf.dir/home/fristonp/Simens/Firmware/GD32F4xx_standard_peripheral/Source/gd32f4xx_adc.c.obj
                0x080046fe                adc_resolution_config
 .text.adc_channel_length_config
                0x0800470e       0x42 CMakeFiles/gd32f450_template.elf.dir/home/fristonp/Simens/Firmware/GD32F4xx_standard_peripheral/Source/gd32f4xx_adc.c.obj
                0x0800470e                adc_channel_length_config
 .text.adc_routine_channel_config
                0x08004750       0xa6 CMakeFiles/gd32f450_template.elf.dir/home/fristonp/Simens/Firmware/GD32F4xx_standard_peripheral/Source/gd32f4xx_adc.c.obj
                0x08004750                adc_routine_channel_config
 .text.adc_external_trigger_config
                0x080047f6       0x2e CMakeFiles/gd32f450_template.elf.dir/home/fristonp/Simens/Firmware/GD32F4xx_standard_peripheral/Source/gd32f4xx_adc.c.obj
                0x080047f6                adc_external_trigger_config
 .text.adc_software_trigger_enable
                0x08004824       0x1e CMakeFiles/gd32f450_template.elf.dir/home/fristonp/Simens/Firmware/GD32F4xx_standard_peripheral/Source/gd32f4xx_adc.c.obj
                0x08004824                adc_software_trigger_enable
 .text.adc_routine_data_read
                0x08004842        0x6 CMakeFiles/gd32f450_template.elf.dir/home/fristonp/Simens/Firmware/GD32F4xx_standard_peripheral/Source/gd32f4xx_adc.c.obj
                0x08004842                adc_routine_data_read
 .text.adc_flag_get
                0x08004848        0xe CMakeFiles/gd32f450_template.elf.dir/home/fristonp/Simens/Firmware/GD32F4xx_standard_peripheral/Source/gd32f4xx_adc.c.obj
                0x08004848                adc_flag_get
 .text.adc_flag_clear
                0x08004856        0xa CMakeFiles/gd32f450_template.elf.dir/home/fristonp/Simens/Firmware/GD32F4xx_standard_peripheral/Source/gd32f4xx_adc.c.obj
                0x08004856                adc_flag_clear
 .text.dac_deinit
                0x08004860       0x20 CMakeFiles/gd32f450_template.elf.dir/home/fristonp/Simens/Firmware/GD32F4xx_standard_peripheral/Source/gd32f4xx_dac.c.obj
                0x08004860                dac_deinit
 .text.dac_enable
                0x08004880       0x1c CMakeFiles/gd32f450_template.elf.dir/home/fristonp/Simens/Firmware/GD32F4xx_standard_peripheral/Source/gd32f4xx_dac.c.obj
                0x08004880                dac_enable
 .text.dac_output_buffer_enable
                0x0800489c       0x1c CMakeFiles/gd32f450_template.elf.dir/home/fristonp/Simens/Firmware/GD32F4xx_standard_peripheral/Source/gd32f4xx_dac.c.obj
                0x0800489c                dac_output_buffer_enable
 .text.dac_data_set
                0x080048b8       0x36 CMakeFiles/gd32f450_template.elf.dir/home/fristonp/Simens/Firmware/GD32F4xx_standard_peripheral/Source/gd32f4xx_dac.c.obj
                0x080048b8                dac_data_set
 .text.dac_trigger_disable
                0x080048ee       0x1c CMakeFiles/gd32f450_template.elf.dir/home/fristonp/Simens/Firmware/GD32F4xx_standard_peripheral/Source/gd32f4xx_dac.c.obj
                0x080048ee                dac_trigger_disable
 *fill*         0x0800490a        0x2 
 .text.exti_init
                0x0800490c       0xb8 CMakeFiles/gd32f450_template.elf.dir/home/fristonp/Simens/Firmware/GD32F4xx_standard_peripheral/Source/gd32f4xx_exti.c.obj
                0x0800490c                exti_init
 .text.exti_interrupt_flag_get
                0x080049c4       0x18 CMakeFiles/gd32f450_template.elf.dir/home/fristonp/Simens/Firmware/GD32F4xx_standard_peripheral/Source/gd32f4xx_exti.c.obj
                0x080049c4                exti_interrupt_flag_get
 .text.exti_interrupt_flag_clear
                0x080049dc        0xc CMakeFiles/gd32f450_template.elf.dir/home/fristonp/Simens/Firmware/GD32F4xx_standard_peripheral/Source/gd32f4xx_exti.c.obj
                0x080049dc                exti_interrupt_flag_clear
 .text.gpio_mode_set
                0x080049e8       0x52 CMakeFiles/gd32f450_template.elf.dir/home/fristonp/Simens/Firmware/GD32F4xx_standard_peripheral/Source/gd32f4xx_gpio.c.obj
                0x080049e8                gpio_mode_set
 .text.gpio_output_options_set
                0x08004a3a       0x50 CMakeFiles/gd32f450_template.elf.dir/home/fristonp/Simens/Firmware/GD32F4xx_standard_peripheral/Source/gd32f4xx_gpio.c.obj
                0x08004a3a                gpio_output_options_set
 .text.gpio_input_bit_get
                0x08004a8a        0xe CMakeFiles/gd32f450_template.elf.dir/home/fristonp/Simens/Firmware/GD32F4xx_standard_peripheral/Source/gd32f4xx_gpio.c.obj
                0x08004a8a                gpio_input_bit_get
 .text.gpio_af_set
                0x08004a98       0x78 CMakeFiles/gd32f450_template.elf.dir/home/fristonp/Simens/Firmware/GD32F4xx_standard_peripheral/Source/gd32f4xx_gpio.c.obj
                0x08004a98                gpio_af_set
 .text.NVIC_SetPriority
                0x08004b10       0x28 CMakeFiles/gd32f450_template.elf.dir/home/fristonp/Simens/Firmware/GD32F4xx_standard_peripheral/Source/gd32f4xx_misc.c.obj
 .text.NVIC_EncodePriority
                0x08004b38       0x38 CMakeFiles/gd32f450_template.elf.dir/home/fristonp/Simens/Firmware/GD32F4xx_standard_peripheral/Source/gd32f4xx_misc.c.obj
 .text.nvic_priority_group_set
                0x08004b70       0x14 CMakeFiles/gd32f450_template.elf.dir/home/fristonp/Simens/Firmware/GD32F4xx_standard_peripheral/Source/gd32f4xx_misc.c.obj
                0x08004b70                nvic_priority_group_set
 .text.nvic_irq_enable
                0x08004b84       0x6c CMakeFiles/gd32f450_template.elf.dir/home/fristonp/Simens/Firmware/GD32F4xx_standard_peripheral/Source/gd32f4xx_misc.c.obj
                0x08004b84                nvic_irq_enable
 .text.nvic_vector_table_set
                0x08004bf0       0x18 CMakeFiles/gd32f450_template.elf.dir/home/fristonp/Simens/Firmware/GD32F4xx_standard_peripheral/Source/gd32f4xx_misc.c.obj
                0x08004bf0                nvic_vector_table_set
 .text.pmu_to_sleepmode
                0x08004c08       0x1c CMakeFiles/gd32f450_template.elf.dir/home/fristonp/Simens/Firmware/GD32F4xx_standard_peripheral/Source/gd32f4xx_pmu.c.obj
                0x08004c08                pmu_to_sleepmode
 .text.pmu_backup_write_enable
                0x08004c24       0x10 CMakeFiles/gd32f450_template.elf.dir/home/fristonp/Simens/Firmware/GD32F4xx_standard_peripheral/Source/gd32f4xx_pmu.c.obj
                0x08004c24                pmu_backup_write_enable
 .text.rcu_periph_clock_enable
                0x08004c34       0x1a CMakeFiles/gd32f450_template.elf.dir/home/fristonp/Simens/Firmware/GD32F4xx_standard_peripheral/Source/gd32f4xx_rcu.c.obj
                0x08004c34                rcu_periph_clock_enable
 .text.rcu_periph_reset_enable
                0x08004c4e       0x1a CMakeFiles/gd32f450_template.elf.dir/home/fristonp/Simens/Firmware/GD32F4xx_standard_peripheral/Source/gd32f4xx_rcu.c.obj
                0x08004c4e                rcu_periph_reset_enable
 .text.rcu_periph_reset_disable
                0x08004c68       0x1c CMakeFiles/gd32f450_template.elf.dir/home/fristonp/Simens/Firmware/GD32F4xx_standard_peripheral/Source/gd32f4xx_rcu.c.obj
                0x08004c68                rcu_periph_reset_disable
 .text.rcu_rtc_clock_config
                0x08004c84       0x18 CMakeFiles/gd32f450_template.elf.dir/home/fristonp/Simens/Firmware/GD32F4xx_standard_peripheral/Source/gd32f4xx_rcu.c.obj
                0x08004c84                rcu_rtc_clock_config
 .text.rcu_osci_on
                0x08004c9c       0x1a CMakeFiles/gd32f450_template.elf.dir/home/fristonp/Simens/Firmware/GD32F4xx_standard_peripheral/Source/gd32f4xx_rcu.c.obj
                0x08004c9c                rcu_osci_on
 *fill*         0x08004cb6        0x2 
 .text.rcu_clock_freq_get
                0x08004cb8       0xe8 CMakeFiles/gd32f450_template.elf.dir/home/fristonp/Simens/Firmware/GD32F4xx_standard_peripheral/Source/gd32f4xx_rcu.c.obj
                0x08004cb8                rcu_clock_freq_get
 .text.rcu_flag_get
                0x08004da0       0x20 CMakeFiles/gd32f450_template.elf.dir/home/fristonp/Simens/Firmware/GD32F4xx_standard_peripheral/Source/gd32f4xx_rcu.c.obj
                0x08004da0                rcu_flag_get
 .text.rcu_osci_stab_wait
                0x08004dc0      0x178 CMakeFiles/gd32f450_template.elf.dir/home/fristonp/Simens/Firmware/GD32F4xx_standard_peripheral/Source/gd32f4xx_rcu.c.obj
                0x08004dc0                rcu_osci_stab_wait
 .text.rtc_init_mode_enter
                0x08004f38       0x4c CMakeFiles/gd32f450_template.elf.dir/home/fristonp/Simens/Firmware/GD32F4xx_standard_peripheral/Source/gd32f4xx_rtc.c.obj
                0x08004f38                rtc_init_mode_enter
 .text.rtc_init_mode_exit
                0x08004f84       0x14 CMakeFiles/gd32f450_template.elf.dir/home/fristonp/Simens/Firmware/GD32F4xx_standard_peripheral/Source/gd32f4xx_rtc.c.obj
                0x08004f84                rtc_init_mode_exit
 .text.rtc_register_sync_wait
                0x08004f98       0x60 CMakeFiles/gd32f450_template.elf.dir/home/fristonp/Simens/Firmware/GD32F4xx_standard_peripheral/Source/gd32f4xx_rtc.c.obj
                0x08004f98                rtc_register_sync_wait
 .text.rtc_init
                0x08004ff8       0xa8 CMakeFiles/gd32f450_template.elf.dir/home/fristonp/Simens/Firmware/GD32F4xx_standard_peripheral/Source/gd32f4xx_rtc.c.obj
                0x08004ff8                rtc_init
 .text.rtc_current_time_get
                0x080050a0       0x68 CMakeFiles/gd32f450_template.elf.dir/home/fristonp/Simens/Firmware/GD32F4xx_standard_peripheral/Source/gd32f4xx_rtc.c.obj
                0x080050a0                rtc_current_time_get
 .text.syscfg_exti_line_config
                0x08005108       0x80 CMakeFiles/gd32f450_template.elf.dir/home/fristonp/Simens/Firmware/GD32F4xx_standard_peripheral/Source/gd32f4xx_syscfg.c.obj
                0x08005108                syscfg_exti_line_config
 .text.usart_deinit
                0x08005188       0xdc CMakeFiles/gd32f450_template.elf.dir/home/fristonp/Simens/Firmware/GD32F4xx_standard_peripheral/Source/gd32f4xx_usart.c.obj
                0x08005188                usart_deinit
 .text.usart_baudrate_set
                0x08005264       0xcc CMakeFiles/gd32f450_template.elf.dir/home/fristonp/Simens/Firmware/GD32F4xx_standard_peripheral/Source/gd32f4xx_usart.c.obj
                0x08005264                usart_baudrate_set
 .text.usart_enable
                0x08005330        0xa CMakeFiles/gd32f450_template.elf.dir/home/fristonp/Simens/Firmware/GD32F4xx_standard_peripheral/Source/gd32f4xx_usart.c.obj
                0x08005330                usart_enable
 .text.usart_transmit_config
                0x0800533a        0xc CMakeFiles/gd32f450_template.elf.dir/home/fristonp/Simens/Firmware/GD32F4xx_standard_peripheral/Source/gd32f4xx_usart.c.obj
                0x0800533a                usart_transmit_config
 .text.usart_receive_config
                0x08005346        0xc CMakeFiles/gd32f450_template.elf.dir/home/fristonp/Simens/Firmware/GD32F4xx_standard_peripheral/Source/gd32f4xx_usart.c.obj
                0x08005346                usart_receive_config
 .text.usart_data_transmit
                0x08005352        0x8 CMakeFiles/gd32f450_template.elf.dir/home/fristonp/Simens/Firmware/GD32F4xx_standard_peripheral/Source/gd32f4xx_usart.c.obj
                0x08005352                usart_data_transmit
 .text.usart_data_receive
                0x0800535a        0x8 CMakeFiles/gd32f450_template.elf.dir/home/fristonp/Simens/Firmware/GD32F4xx_standard_peripheral/Source/gd32f4xx_usart.c.obj
                0x0800535a                usart_data_receive
 .text.usart_flag_get
                0x08005362       0x18 CMakeFiles/gd32f450_template.elf.dir/home/fristonp/Simens/Firmware/GD32F4xx_standard_peripheral/Source/gd32f4xx_usart.c.obj
                0x08005362                usart_flag_get
 .text.usart_interrupt_enable
                0x0800537a       0x18 CMakeFiles/gd32f450_template.elf.dir/home/fristonp/Simens/Firmware/GD32F4xx_standard_peripheral/Source/gd32f4xx_usart.c.obj
                0x0800537a                usart_interrupt_enable
 .text.usart_interrupt_flag_get
                0x08005392       0x34 CMakeFiles/gd32f450_template.elf.dir/home/fristonp/Simens/Firmware/GD32F4xx_standard_peripheral/Source/gd32f4xx_usart.c.obj
                0x08005392                usart_interrupt_flag_get
 *(.glue_7)
 .glue_7        0x080053c6        0x0 linker stubs
 *(.glue_7t)
 .glue_7t       0x080053c6        0x0 linker stubs
 *(.eh_frame)
 *fill*         0x080053c6        0x2 
 .eh_frame      0x080053c8        0x0 /usr/lib/gcc/arm-none-eabi/13.2.1/thumb/v7e-m+fp/hard/crtbegin.o
 *(.init)
 .init          0x080053c8        0x4 /usr/lib/gcc/arm-none-eabi/13.2.1/thumb/v7e-m+fp/hard/crti.o
                0x080053c8                _init
 .init          0x080053cc        0x8 /usr/lib/gcc/arm-none-eabi/13.2.1/thumb/v7e-m+fp/hard/crtn.o
 *(.fini)
 .fini          0x080053d4        0x4 /usr/lib/gcc/arm-none-eabi/13.2.1/thumb/v7e-m+fp/hard/crti.o
                0x080053d4                _fini
 .fini          0x080053d8        0x8 /usr/lib/gcc/arm-none-eabi/13.2.1/thumb/v7e-m+fp/hard/crtn.o
                0x080053e0                        . = ALIGN (0x4)
                0x080053e0                        _etext = .

.vfp11_veneer   0x080053e0        0x0
 .vfp11_veneer  0x080053e0        0x0 linker stubs

.v4_bx          0x080053e0        0x0
 .v4_bx         0x080053e0        0x0 linker stubs

.iplt           0x080053e0        0x0
 .iplt          0x080053e0        0x0 /usr/lib/gcc/arm-none-eabi/13.2.1/thumb/v7e-m+fp/hard/crtbegin.o

.rodata         0x080053e0      0x368
                0x080053e0                        . = ALIGN (0x4)
 *(.rodata)
 .rodata        0x080053e0        0x8 CMakeFiles/gd32f450_template.elf.dir/bsp/bsp_rtc.c.obj
 .rodata        0x080053e8       0x18 CMakeFiles/gd32f450_template.elf.dir/home/fristonp/Simens/Firmware/GD32F4xx_standard_peripheral/Source/gd32f4xx_rcu.c.obj
 *(.rodata*)
 .rodata.app_display_status_text.str1.4
                0x08005400      0x2cd CMakeFiles/gd32f450_template.elf.dir/app/app_display.c.obj
                                 0x1d (size before relaxing)
 .rodata.app_display_format_time.str1.4
                0x080056cd        0xf CMakeFiles/gd32f450_template.elf.dir/app/app_display.c.obj
 .rodata.app_display_format_temp.str1.4
                0x080056cd        0xc CMakeFiles/gd32f450_template.elf.dir/app/app_display.c.obj
 .rodata.app_display_render.str1.4
                0x080056cd      0x1ae CMakeFiles/gd32f450_template.elf.dir/app/app_display.c.obj
 .rodata.app_main_init.str1.4
                0x080056cd       0x2b CMakeFiles/gd32f450_template.elf.dir/app/app_main.c.obj
 .rodata.app_state_name.str1.4
                0x080056cd       0x24 CMakeFiles/gd32f450_template.elf.dir/app/app_state.c.obj
 *fill*         0x080056cd        0x3 
 .rodata.s_exti_map
                0x080056d0        0xc CMakeFiles/gd32f450_template.elf.dir/bsp/bsp_gpio.c.obj
 .rodata.s_key_map
                0x080056dc        0x3 CMakeFiles/gd32f450_template.elf.dir/bsp/bsp_gpio.c.obj
 *fill*         0x080056df        0x1 
 .rodata.s_led_map
                0x080056e0        0x3 CMakeFiles/gd32f450_template.elf.dir/bsp/bsp_gpio.c.obj
 .rodata.bsp_oled_refresh.str1.4
                0x080056e3       0x1b CMakeFiles/gd32f450_template.elf.dir/bsp/bsp_oled.c.obj
 *fill*         0x080056e3        0x1 
 .rodata.days_per_month.0
                0x080056e4        0xc CMakeFiles/gd32f450_template.elf.dir/bsp/bsp_rtc.c.obj
 .rodata.bl_main_process.str1.4
                0x080056f0       0x39 CMakeFiles/gd32f450_template.elf.dir/bootloader/bl_main.c.obj
 .rodata.KEY_IRQn
                0x080056f0        0x3 CMakeFiles/gd32f450_template.elf.dir/home/fristonp/Simens/Utilities/gd32f450i_eval.c.obj
 *fill*         0x080056f3        0x1 
 .rodata.KEY_PIN_SOURCE
                0x080056f4        0x3 CMakeFiles/gd32f450_template.elf.dir/home/fristonp/Simens/Utilities/gd32f450i_eval.c.obj
 *fill*         0x080056f7        0x1 
 .rodata.KEY_PORT_SOURCE
                0x080056f8        0x3 CMakeFiles/gd32f450_template.elf.dir/home/fristonp/Simens/Utilities/gd32f450i_eval.c.obj
 *fill*         0x080056fb        0x1 
 .rodata.KEY_EXTI_LINE
                0x080056fc        0xc CMakeFiles/gd32f450_template.elf.dir/home/fristonp/Simens/Utilities/gd32f450i_eval.c.obj
 .rodata.KEY_CLK
                0x08005708        0x6 CMakeFiles/gd32f450_template.elf.dir/home/fristonp/Simens/Utilities/gd32f450i_eval.c.obj
 *fill*         0x0800570e        0x2 
 .rodata.KEY_PIN
                0x08005710        0xc CMakeFiles/gd32f450_template.elf.dir/home/fristonp/Simens/Utilities/gd32f450i_eval.c.obj
 .rodata.KEY_PORT
                0x0800571c        0xc CMakeFiles/gd32f450_template.elf.dir/home/fristonp/Simens/Utilities/gd32f450i_eval.c.obj
 .rodata.GPIO_CLK
                0x08005728        0x6 CMakeFiles/gd32f450_template.elf.dir/home/fristonp/Simens/Utilities/gd32f450i_eval.c.obj
 *fill*         0x0800572e        0x2 
 .rodata.GPIO_PIN
                0x08005730        0xc CMakeFiles/gd32f450_template.elf.dir/home/fristonp/Simens/Utilities/gd32f450i_eval.c.obj
 .rodata.GPIO_PORT
                0x0800573c        0xc CMakeFiles/gd32f450_template.elf.dir/home/fristonp/Simens/Utilities/gd32f450i_eval.c.obj
 .rodata.str1.4
                0x08005748       0x13 /usr/lib/gcc/arm-none-eabi/13.2.1/../../../arm-none-eabi/lib/thumb/v7e-m+fp/hard/libc_nano.a(libc_a-nano-vfprintf.o)
 .rodata.str1.4
                0x08005748       0x13 /usr/lib/gcc/arm-none-eabi/13.2.1/../../../arm-none-eabi/lib/thumb/v7e-m+fp/hard/libc_nano.a(libc_a-nano-svfprintf.o)
 .rodata.str1.4
                0x08005748       0x25 /usr/lib/gcc/arm-none-eabi/13.2.1/../../../arm-none-eabi/lib/thumb/v7e-m+fp/hard/libc_nano.a(libc_a-nano-vfprintf_i.o)
                0x08005770                        . = ALIGN (0x4)

.ARM.extab
 *(.ARM.extab* .gnu.linkonce.armextab.*)

.ARM            0x08005748        0x8
                0x08005748                        __exidx_start = .
 *(.ARM.exidx*)
 .ARM.exidx     0x08005748        0x8 /usr/lib/gcc/arm-none-eabi/13.2.1/../../../arm-none-eabi/lib/thumb/v7e-m+fp/hard/libc_nano.a(libc_a-strlen.o)
 .ARM.exidx     0x08005750        0x0 /usr/lib/gcc/arm-none-eabi/13.2.1/../../../arm-none-eabi/lib/thumb/v7e-m+fp/hard/libc_nano.a(libc_a-memcpy.o)
                                  0x8 (size before relaxing)
 .ARM.exidx     0x08005750        0x0 /usr/lib/gcc/arm-none-eabi/13.2.1/../../../arm-none-eabi/lib/thumb/v7e-m+fp/hard/libc_nano.a(libc_a-memchr.o)
                                  0x8 (size before relaxing)
                0x08005750                        __exidx_end = .

.rel.dyn        0x08005750        0x0
 .rel.iplt      0x08005750        0x0 /usr/lib/gcc/arm-none-eabi/13.2.1/thumb/v7e-m+fp/hard/crtbegin.o

.ARM.attributes
                0x08005750       0x30
 *(.ARM.attributes)
 .ARM.attributes
                0x08005750       0x22 /usr/lib/gcc/arm-none-eabi/13.2.1/thumb/v7e-m+fp/hard/crti.o
 .ARM.attributes
                0x08005772       0x34 /usr/lib/gcc/arm-none-eabi/13.2.1/thumb/v7e-m+fp/hard/crtbegin.o
 .ARM.attributes
                0x080057a6       0x34 CMakeFiles/gd32f450_template.elf.dir/main.c.obj
 .ARM.attributes
                0x080057da       0x34 CMakeFiles/gd32f450_template.elf.dir/systick.c.obj
 .ARM.attributes
                0x0800580e       0x34 CMakeFiles/gd32f450_template.elf.dir/gd32f4xx_it.c.obj
 .ARM.attributes
                0x08005842       0x34 CMakeFiles/gd32f450_template.elf.dir/app/app_display.c.obj
 .ARM.attributes
                0x08005876       0x34 CMakeFiles/gd32f450_template.elf.dir/app/app_main.c.obj
 .ARM.attributes
                0x080058aa       0x34 CMakeFiles/gd32f450_template.elf.dir/app/app_protocol.c.obj
 .ARM.attributes
                0x080058de       0x34 CMakeFiles/gd32f450_template.elf.dir/app/app_state.c.obj
 .ARM.attributes
                0x08005912       0x34 CMakeFiles/gd32f450_template.elf.dir/app/app_storage.c.obj
 .ARM.attributes
                0x08005946       0x34 CMakeFiles/gd32f450_template.elf.dir/bsp/bsp_adc.c.obj
 .ARM.attributes
                0x0800597a       0x34 CMakeFiles/gd32f450_template.elf.dir/bsp/bsp_dac.c.obj
 .ARM.attributes
                0x080059ae       0x34 CMakeFiles/gd32f450_template.elf.dir/bsp/bsp_flash.c.obj
 .ARM.attributes
                0x080059e2       0x34 CMakeFiles/gd32f450_template.elf.dir/bsp/bsp_gpio.c.obj
 .ARM.attributes
                0x08005a16       0x34 CMakeFiles/gd32f450_template.elf.dir/bsp/bsp_oled.c.obj
 .ARM.attributes
                0x08005a4a       0x34 CMakeFiles/gd32f450_template.elf.dir/bsp/bsp_power.c.obj
 .ARM.attributes
                0x08005a7e       0x34 CMakeFiles/gd32f450_template.elf.dir/bsp/bsp_rtc.c.obj
 .ARM.attributes
                0x08005ab2       0x34 CMakeFiles/gd32f450_template.elf.dir/bsp/bsp_uart.c.obj
 .ARM.attributes
                0x08005ae6       0x34 CMakeFiles/gd32f450_template.elf.dir/service/srv_display.c.obj
 .ARM.attributes
                0x08005b1a       0x34 CMakeFiles/gd32f450_template.elf.dir/service/srv_power.c.obj
 .ARM.attributes
                0x08005b4e       0x34 CMakeFiles/gd32f450_template.elf.dir/service/srv_protocol.c.obj
 .ARM.attributes
                0x08005b82       0x34 CMakeFiles/gd32f450_template.elf.dir/service/srv_sample.c.obj
 .ARM.attributes
                0x08005bb6       0x34 CMakeFiles/gd32f450_template.elf.dir/service/srv_settings.c.obj
 .ARM.attributes
                0x08005bea       0x34 CMakeFiles/gd32f450_template.elf.dir/service/srv_storage.c.obj
 .ARM.attributes
                0x08005c1e       0x34 CMakeFiles/gd32f450_template.elf.dir/common/crc16.c.obj
 .ARM.attributes
                0x08005c52       0x34 CMakeFiles/gd32f450_template.elf.dir/common/filter.c.obj
 .ARM.attributes
                0x08005c86       0x34 CMakeFiles/gd32f450_template.elf.dir/common/ringbuffer.c.obj
 .ARM.attributes
                0x08005cba       0x34 CMakeFiles/gd32f450_template.elf.dir/common/soft_timer.c.obj
 .ARM.attributes
                0x08005cee       0x34 CMakeFiles/gd32f450_template.elf.dir/bootloader/bl_main.c.obj
 .ARM.attributes
                0x08005d22       0x34 CMakeFiles/gd32f450_template.elf.dir/home/fristonp/Simens/Firmware/CMSIS/GD/GD32F4xx/Source/system_gd32f4xx.c.obj
 .ARM.attributes
                0x08005d56       0x34 CMakeFiles/gd32f450_template.elf.dir/home/fristonp/Simens/Utilities/gd32f450i_eval.c.obj
 .ARM.attributes
                0x08005d8a       0x21 CMakeFiles/gd32f450_template.elf.dir/home/fristonp/Simens/Firmware/CMSIS/GD/GD32F4xx/Source/GCC/startup_gd32f450_470.S.obj
 .ARM.attributes
                0x08005dab       0x34 CMakeFiles/gd32f450_template.elf.dir/home/fristonp/Simens/Firmware/GD32F4xx_standard_peripheral/Source/gd32f4xx_adc.c.obj
 .ARM.attributes
                0x08005ddf       0x34 CMakeFiles/gd32f450_template.elf.dir/home/fristonp/Simens/Firmware/GD32F4xx_standard_peripheral/Source/gd32f4xx_dac.c.obj
 .ARM.attributes
                0x08005e13       0x34 CMakeFiles/gd32f450_template.elf.dir/home/fristonp/Simens/Firmware/GD32F4xx_standard_peripheral/Source/gd32f4xx_exti.c.obj
 .ARM.attributes
                0x08005e47       0x34 CMakeFiles/gd32f450_template.elf.dir/home/fristonp/Simens/Firmware/GD32F4xx_standard_peripheral/Source/gd32f4xx_gpio.c.obj
 .ARM.attributes
                0x08005e7b       0x34 CMakeFiles/gd32f450_template.elf.dir/home/fristonp/Simens/Firmware/GD32F4xx_standard_peripheral/Source/gd32f4xx_misc.c.obj
 .ARM.attributes
                0x08005eaf       0x34 CMakeFiles/gd32f450_template.elf.dir/home/fristonp/Simens/Firmware/GD32F4xx_standard_peripheral/Source/gd32f4xx_pmu.c.obj
 .ARM.attributes
                0x08005ee3       0x34 CMakeFiles/gd32f450_template.elf.dir/home/fristonp/Simens/Firmware/GD32F4xx_standard_peripheral/Source/gd32f4xx_rcu.c.obj
 .ARM.attributes
                0x08005f17       0x34 CMakeFiles/gd32f450_template.elf.dir/home/fristonp/Simens/Firmware/GD32F4xx_standard_peripheral/Source/gd32f4xx_rtc.c.obj
 .ARM.attributes
                0x08005f4b       0x34 CMakeFiles/gd32f450_template.elf.dir/home/fristonp/Simens/Firmware/GD32F4xx_standard_peripheral/Source/gd32f4xx_syscfg.c.obj
 .ARM.attributes
                0x08005f7f       0x34 CMakeFiles/gd32f450_template.elf.dir/home/fristonp/Simens/Firmware/GD32F4xx_standard_peripheral/Source/gd32f4xx_usart.c.obj
 .ARM.attributes
                0x08005fb3       0x34 /usr/lib/gcc/arm-none-eabi/13.2.1/../../../arm-none-eabi/lib/thumb/v7e-m+fp/hard/libc_nano.a(libc_a-init.o)
 .ARM.attributes
                0x08005fe7       0x1c /usr/lib/gcc/arm-none-eabi/13.2.1/../../../arm-none-eabi/lib/thumb/v7e-m+fp/hard/libc_nano.a(libc_a-strlen.o)
 .ARM.attributes
                0x08006003       0x34 /usr/lib/gcc/arm-none-eabi/13.2.1/../../../arm-none-eabi/lib/thumb/v7e-m+fp/hard/libc_nano.a(libc_a-memset.o)
 .ARM.attributes
                0x08006037       0x20 /usr/lib/gcc/arm-none-eabi/13.2.1/../../../arm-none-eabi/lib/thumb/v7e-m+fp/hard/libc_nano.a(libc_a-memcpy.o)
 .ARM.attributes
                0x08006057       0x34 /usr/lib/gcc/arm-none-eabi/13.2.1/../../../arm-none-eabi/lib/thumb/v7e-m+fp/hard/libc_nano.a(libc_a-snprintf.o)
 .ARM.attributes
                0x0800608b       0x34 /usr/lib/gcc/arm-none-eabi/13.2.1/../../../arm-none-eabi/lib/thumb/v7e-m+fp/hard/libc_nano.a(libc_a-memcmp.o)
 .ARM.attributes
                0x080060bf       0x34 /usr/lib/gcc/arm-none-eabi/13.2.1/../../../arm-none-eabi/lib/thumb/v7e-m+fp/hard/libc_nano.a(libc_a-printf.o)
 .ARM.attributes
                0x080060f3       0x34 /usr/lib/gcc/arm-none-eabi/13.2.1/../../../arm-none-eabi/lib/thumb/v7e-m+fp/hard/libc_nano.a(libc_a-nano-vfprintf.o)
 .ARM.attributes
                0x08006127       0x34 /usr/lib/gcc/arm-none-eabi/13.2.1/../../../arm-none-eabi/lib/thumb/v7e-m+fp/hard/libc_nano.a(libc_a-wbuf.o)
 .ARM.attributes
                0x0800615b       0x34 /usr/lib/gcc/arm-none-eabi/13.2.1/../../../arm-none-eabi/lib/thumb/v7e-m+fp/hard/libc_nano.a(libc_a-impure.o)
 .ARM.attributes
                0x0800618f       0x34 /usr/lib/gcc/arm-none-eabi/13.2.1/../../../arm-none-eabi/lib/thumb/v7e-m+fp/hard/libc_nano.a(libc_a-nano-svfprintf.o)
 .ARM.attributes
                0x080061c3       0x34 /usr/lib/gcc/arm-none-eabi/13.2.1/../../../arm-none-eabi/lib/thumb/v7e-m+fp/hard/libc_nano.a(libc_a-fvwrite.o)
 .ARM.attributes
                0x080061f7       0x34 /usr/lib/gcc/arm-none-eabi/13.2.1/../../../arm-none-eabi/lib/thumb/v7e-m+fp/hard/libc_nano.a(libc_a-findfp.o)
 .ARM.attributes
                0x0800622b       0x34 /usr/lib/gcc/arm-none-eabi/13.2.1/../../../arm-none-eabi/lib/thumb/v7e-m+fp/hard/libc_nano.a(libc_a-fflush.o)
 .ARM.attributes
                0x0800625f       0x34 /usr/lib/gcc/arm-none-eabi/13.2.1/../../../arm-none-eabi/lib/thumb/v7e-m+fp/hard/libc_nano.a(libc_a-mallocr.o)
 .ARM.attributes
                0x08006293       0x34 /usr/lib/gcc/arm-none-eabi/13.2.1/../../../arm-none-eabi/lib/thumb/v7e-m+fp/hard/libc_nano.a(libc_a-freer.o)
 .ARM.attributes
                0x080062c7       0x34 /usr/lib/gcc/arm-none-eabi/13.2.1/../../../arm-none-eabi/lib/thumb/v7e-m+fp/hard/libc_nano.a(libc_a-memmove.o)
 .ARM.attributes
                0x080062fb       0x34 /usr/lib/gcc/arm-none-eabi/13.2.1/../../../arm-none-eabi/lib/thumb/v7e-m+fp/hard/libc_nano.a(libc_a-fwalk.o)
 .ARM.attributes
                0x0800632f       0x1c /usr/lib/gcc/arm-none-eabi/13.2.1/../../../arm-none-eabi/lib/thumb/v7e-m+fp/hard/libc_nano.a(libc_a-memchr.o)
 .ARM.attributes
                0x0800634b       0x34 /usr/lib/gcc/arm-none-eabi/13.2.1/../../../arm-none-eabi/lib/thumb/v7e-m+fp/hard/libc_nano.a(libc_a-wsetup.o)
 .ARM.attributes
                0x0800637f       0x34 /usr/lib/gcc/arm-none-eabi/13.2.1/../../../arm-none-eabi/lib/thumb/v7e-m+fp/hard/libc_nano.a(libc_a-reallocr.o)
 .ARM.attributes
                0x080063b3       0x34 /usr/lib/gcc/arm-none-eabi/13.2.1/../../../arm-none-eabi/lib/thumb/v7e-m+fp/hard/libc_nano.a(libc_a-nano-vfprintf_i.o)
 .ARM.attributes
                0x080063e7       0x34 /usr/lib/gcc/arm-none-eabi/13.2.1/../../../arm-none-eabi/lib/thumb/v7e-m+fp/hard/libc_nano.a(libc_a-mlock.o)
 .ARM.attributes
                0x0800641b       0x34 /usr/lib/gcc/arm-none-eabi/13.2.1/../../../arm-none-eabi/lib/thumb/v7e-m+fp/hard/libc_nano.a(libc_a-makebuf.o)
 .ARM.attributes
                0x0800644f       0x34 /usr/lib/gcc/arm-none-eabi/13.2.1/../../../arm-none-eabi/lib/thumb/v7e-m+fp/hard/libc_nano.a(libc_a-isattyr.o)
 .ARM.attributes
                0x08006483       0x34 /usr/lib/gcc/arm-none-eabi/13.2.1/../../../arm-none-eabi/lib/thumb/v7e-m+fp/hard/libc_nano.a(libc_a-sbrkr.o)
 .ARM.attributes
                0x080064b7       0x34 /usr/lib/gcc/arm-none-eabi/13.2.1/../../../arm-none-eabi/lib/thumb/v7e-m+fp/hard/libc_nano.a(libc_a-stdio.o)
 .ARM.attributes
                0x080064eb       0x34 /usr/lib/gcc/arm-none-eabi/13.2.1/../../../arm-none-eabi/lib/thumb/v7e-m+fp/hard/libc_nano.a(libc_a-msizer.o)
 .ARM.attributes
                0x0800651f       0x34 /usr/lib/gcc/arm-none-eabi/13.2.1/../../../arm-none-eabi/lib/thumb/v7e-m+fp/hard/libc_nano.a(libc_a-closer.o)
 .ARM.attributes
                0x08006553       0x34 /usr/lib/gcc/arm-none-eabi/13.2.1/../../../arm-none-eabi/lib/thumb/v7e-m+fp/hard/libc_nano.a(libc_a-readr.o)
 .ARM.attributes
                0x08006587       0x34 /usr/lib/gcc/arm-none-eabi/13.2.1/../../../arm-none-eabi/lib/thumb/v7e-m+fp/hard/libc_nano.a(libc_a-reent.o)
 .ARM.attributes
                0x080065bb       0x34 /usr/lib/gcc/arm-none-eabi/13.2.1/../../../arm-none-eabi/lib/thumb/v7e-m+fp/hard/libc_nano.a(libc_a-fstatr.o)
 .ARM.attributes
                0x080065ef       0x34 /usr/lib/gcc/arm-none-eabi/13.2.1/../../../arm-none-eabi/lib/thumb/v7e-m+fp/hard/libc_nano.a(libc_a-lseekr.o)
 .ARM.attributes
                0x08006623       0x34 /usr/lib/gcc/arm-none-eabi/13.2.1/../../../arm-none-eabi/lib/thumb/v7e-m+fp/hard/libc_nano.a(libc_a-writer.o)
 .ARM.attributes
                0x08006657       0x34 /usr/lib/gcc/arm-none-eabi/13.2.1/../../../arm-none-eabi/lib/thumb/v7e-m+fp/hard/libnosys.a(close.o)
 .ARM.attributes
                0x0800668b       0x34 /usr/lib/gcc/arm-none-eabi/13.2.1/../../../arm-none-eabi/lib/thumb/v7e-m+fp/hard/libnosys.a(fstat.o)
 .ARM.attributes
                0x080066bf       0x34 /usr/lib/gcc/arm-none-eabi/13.2.1/../../../arm-none-eabi/lib/thumb/v7e-m+fp/hard/libnosys.a(isatty.o)
 .ARM.attributes
                0x080066f3       0x34 /usr/lib/gcc/arm-none-eabi/13.2.1/../../../arm-none-eabi/lib/thumb/v7e-m+fp/hard/libnosys.a(lseek.o)
 .ARM.attributes
                0x08006727       0x34 /usr/lib/gcc/arm-none-eabi/13.2.1/../../../arm-none-eabi/lib/thumb/v7e-m+fp/hard/libnosys.a(read.o)
 .ARM.attributes
                0x0800675b       0x34 /usr/lib/gcc/arm-none-eabi/13.2.1/../../../arm-none-eabi/lib/thumb/v7e-m+fp/hard/libnosys.a(sbrk.o)
 .ARM.attributes
                0x0800678f       0x34 /usr/lib/gcc/arm-none-eabi/13.2.1/../../../arm-none-eabi/lib/thumb/v7e-m+fp/hard/libnosys.a(write.o)
 .ARM.attributes
                0x080067c3       0x34 /usr/lib/gcc/arm-none-eabi/13.2.1/thumb/v7e-m+fp/hard/crtend.o
 .ARM.attributes
                0x080067f7       0x22 /usr/lib/gcc/arm-none-eabi/13.2.1/thumb/v7e-m+fp/hard/crtn.o

.preinit_array  0x08005750        0x0
                0x08005750                        PROVIDE (__preinit_array_start = .)
 *(.preinit_array*)
                0x08005750                        PROVIDE (__preinit_array_end = .)

.init_array     0x08005750        0x4
                0x08005750                        PROVIDE (__init_array_start = .)
 *(SORT_BY_NAME(.init_array.*))
 *(.init_array*)
 .init_array    0x08005750        0x4 /usr/lib/gcc/arm-none-eabi/13.2.1/thumb/v7e-m+fp/hard/crtbegin.o
                0x08005754                        PROVIDE (__init_array_end = .)

.fini_array     0x08005754        0x4
                0x08005754                        PROVIDE (__fini_array_start = .)
 *(.fini_array*)
 .fini_array    0x08005754        0x4 /usr/lib/gcc/arm-none-eabi/13.2.1/thumb/v7e-m+fp/hard/crtbegin.o
 *(SORT_BY_NAME(.fini_array.*))
                0x08005758                        PROVIDE (__fini_array_end = .)
                0x08005758                        _sidata = LOADADDR (.data)

.data           0x20000000       0x60 load address 0x08005758
                0x20000000                        . = ALIGN (0x4)
                0x20000000                        _sdata = .
 *(.data)
 .data          0x20000000       0x50 /usr/lib/gcc/arm-none-eabi/13.2.1/../../../arm-none-eabi/lib/thumb/v7e-m+fp/hard/libc_nano.a(libc_a-impure.o)
                0x20000000                _impure_ptr
                0x20000004                _impure_data
 .data          0x20000050        0xc /usr/lib/gcc/arm-none-eabi/13.2.1/../../../arm-none-eabi/lib/thumb/v7e-m+fp/hard/libc_nano.a(libc_a-findfp.o)
                0x20000050                __sglue
 *(.data*)
 .data.SystemCoreClock
                0x2000005c        0x4 CMakeFiles/gd32f450_template.elf.dir/home/fristonp/Simens/Firmware/CMSIS/GD/GD32F4xx/Source/system_gd32f4xx.c.obj
                0x2000005c                SystemCoreClock
                0x20000060                        . = ALIGN (0x4)
                0x20000060                        _edata = .

.tm_clone_table
                0x20000060        0x0 load address 0x080057b8
 .tm_clone_table
                0x20000060        0x0 /usr/lib/gcc/arm-none-eabi/13.2.1/thumb/v7e-m+fp/hard/crtbegin.o
 .tm_clone_table
                0x20000060        0x0 /usr/lib/gcc/arm-none-eabi/13.2.1/thumb/v7e-m+fp/hard/crtend.o

.igot.plt       0x20000060        0x0 load address 0x080057b8
 .igot.plt      0x20000060        0x0 /usr/lib/gcc/arm-none-eabi/13.2.1/thumb/v7e-m+fp/hard/crtbegin.o
                0x20000060                        . = ALIGN (0x4)

.bss            0x20000060      0x4ac load address 0x080057b8
                0x20000060                        . = ALIGN (0x4)
                0x20000060                        _sbss = .
                0x20000060                        __bss_start__ = _sbss
 *(.bss)
 .bss           0x20000060       0x1c /usr/lib/gcc/arm-none-eabi/13.2.1/thumb/v7e-m+fp/hard/crtbegin.o
 .bss           0x2000007c      0x13c /usr/lib/gcc/arm-none-eabi/13.2.1/../../../arm-none-eabi/lib/thumb/v7e-m+fp/hard/libc_nano.a(libc_a-findfp.o)
                0x2000007c                __sf
                0x200001b4                __stdio_exit_handler
 .bss           0x200001b8        0x8 /usr/lib/gcc/arm-none-eabi/13.2.1/../../../arm-none-eabi/lib/thumb/v7e-m+fp/hard/libc_nano.a(libc_a-mallocr.o)
                0x200001b8                __malloc_sbrk_start
                0x200001bc                __malloc_free_list
 .bss           0x200001c0        0x4 /usr/lib/gcc/arm-none-eabi/13.2.1/../../../arm-none-eabi/lib/thumb/v7e-m+fp/hard/libc_nano.a(libc_a-reent.o)
                0x200001c0                errno
 .bss           0x200001c4        0x4 /usr/lib/gcc/arm-none-eabi/13.2.1/../../../arm-none-eabi/lib/thumb/v7e-m+fp/hard/libnosys.a(sbrk.o)
 *(.bss*)
 .bss.s_millis  0x200001c8        0x4 CMakeFiles/gd32f450_template.elf.dir/systick.c.obj
 .bss.delay     0x200001cc        0x4 CMakeFiles/gd32f450_template.elf.dir/systick.c.obj
 .bss.s_app     0x200001d0       0x64 CMakeFiles/gd32f450_template.elf.dir/app/app_main.c.obj
 .bss.s_dac_raw
                0x20000234        0x2 CMakeFiles/gd32f450_template.elf.dir/bsp/bsp_dac.c.obj
 .bss.s_wakeup_flag
                0x20000236        0x1 CMakeFiles/gd32f450_template.elf.dir/bsp/bsp_gpio.c.obj
 *fill*         0x20000237        0x1 
 .bss.s_key_trackers
                0x20000238       0x30 CMakeFiles/gd32f450_template.elf.dir/bsp/bsp_gpio.c.obj
 .bss.s_shadow  0x20000268       0x84 CMakeFiles/gd32f450_template.elf.dir/bsp/bsp_oled.c.obj
 .bss.s_lines   0x200002ec       0x84 CMakeFiles/gd32f450_template.elf.dir/bsp/bsp_oled.c.obj
 .bss.s_activity_flag
                0x20000370        0x1 CMakeFiles/gd32f450_template.elf.dir/bsp/bsp_uart.c.obj
 *fill*         0x20000371        0x3 
 .bss.s_rx_buffer
                0x20000374        0xc CMakeFiles/gd32f450_template.elf.dir/bsp/bsp_uart.c.obj
 .bss.s_rx_storage
                0x20000380      0x100 CMakeFiles/gd32f450_template.elf.dir/bsp/bsp_uart.c.obj
 .bss.s_last_activity_ms
                0x20000480        0x4 CMakeFiles/gd32f450_template.elf.dir/service/srv_power.c.obj
 .bss.s_parser  0x20000484       0x65 CMakeFiles/gd32f450_template.elf.dir/service/srv_protocol.c.obj
 *fill*         0x200004e9        0x3 
 .bss.s_latest_sample
                0x200004ec       0x12 CMakeFiles/gd32f450_template.elf.dir/service/srv_sample.c.obj
 *fill*         0x200004fe        0x2 
 .bss.s_adc_filter
                0x20000500        0x8 CMakeFiles/gd32f450_template.elf.dir/service/srv_sample.c.obj
 .bss.s_banner_printed
                0x20000508        0x1 CMakeFiles/gd32f450_template.elf.dir/bootloader/bl_main.c.obj
 .bss.s_boot_requested
                0x20000509        0x1 CMakeFiles/gd32f450_template.elf.dir/bootloader/bl_main.c.obj
 *(COMMON)
                0x2000050c                        . = ALIGN (0x4)
 *fill*         0x2000050a        0x2 
                0x2000050c                        _ebss = .
                0x2000050c                        __bss_end__ = _ebss

.heap_stack     0x2000050c      0xc04 load address 0x080057b8
                0x20000510                        . = ALIGN (0x8)
 *fill*         0x2000050c        0x4 
                0x2000050c                        PROVIDE (end = _ebss)
                [!provide]                        PROVIDE (_end = _ebss)
                0x20000910                        . = (. + __heap_size)
 *fill*         0x20000510      0x400 
                [!provide]                        PROVIDE (_heap_end = .)
                0x20001110                        . = (. + __stack_size)
 *fill*         0x20000910      0x800 
                0x20001110                        PROVIDE (_sp = .)
                0x20001110                        . = ALIGN (0x8)
                0x080057b8                        _sitcmram = LOADADDR (.tcmram)

.tcmram         0x10000000        0x0 load address 0x080057b8
                0x10000000                        . = ALIGN (0x4)
                0x10000000                        .stcmram = .
 *(.tcmram)
 *(.tcmram*)
                0x10000000                        . = ALIGN (0x4)
                0x10000000                        _etcmram = .
START GROUP
LOAD /usr/lib/gcc/arm-none-eabi/13.2.1/thumb/v7e-m+fp/hard/libgcc.a
LOAD /usr/lib/gcc/arm-none-eabi/13.2.1/../../../arm-none-eabi/lib/thumb/v7e-m+fp/hard/libc.a
LOAD /usr/lib/gcc/arm-none-eabi/13.2.1/../../../arm-none-eabi/lib/thumb/v7e-m+fp/hard/libm.a
LOAD /usr/lib/gcc/arm-none-eabi/13.2.1/../../../arm-none-eabi/lib/thumb/v7e-m+fp/hard/libnosys.a
END GROUP
OUTPUT(gd32f450_template.elf elf32-littlearm)
LOAD linker stubs

.comment        0x00000000       0x26
 .comment       0x00000000       0x26 /usr/lib/gcc/arm-none-eabi/13.2.1/thumb/v7e-m+fp/hard/crtbegin.o
                                 0x27 (size before relaxing)
 .comment       0x00000026       0x27 CMakeFiles/gd32f450_template.elf.dir/main.c.obj
 .comment       0x00000026       0x27 CMakeFiles/gd32f450_template.elf.dir/systick.c.obj
 .comment       0x00000026       0x27 CMakeFiles/gd32f450_template.elf.dir/gd32f4xx_it.c.obj
 .comment       0x00000026       0x27 CMakeFiles/gd32f450_template.elf.dir/app/app_display.c.obj
 .comment       0x00000026       0x27 CMakeFiles/gd32f450_template.elf.dir/app/app_main.c.obj
 .comment       0x00000026       0x27 CMakeFiles/gd32f450_template.elf.dir/app/app_protocol.c.obj
 .comment       0x00000026       0x27 CMakeFiles/gd32f450_template.elf.dir/app/app_state.c.obj
 .comment       0x00000026       0x27 CMakeFiles/gd32f450_template.elf.dir/app/app_storage.c.obj
 .comment       0x00000026       0x27 CMakeFiles/gd32f450_template.elf.dir/bsp/bsp_adc.c.obj
 .comment       0x00000026       0x27 CMakeFiles/gd32f450_template.elf.dir/bsp/bsp_dac.c.obj
 .comment       0x00000026       0x27 CMakeFiles/gd32f450_template.elf.dir/bsp/bsp_flash.c.obj
 .comment       0x00000026       0x27 CMakeFiles/gd32f450_template.elf.dir/bsp/bsp_gpio.c.obj
 .comment       0x00000026       0x27 CMakeFiles/gd32f450_template.elf.dir/bsp/bsp_oled.c.obj
 .comment       0x00000026       0x27 CMakeFiles/gd32f450_template.elf.dir/bsp/bsp_power.c.obj
 .comment       0x00000026       0x27 CMakeFiles/gd32f450_template.elf.dir/bsp/bsp_rtc.c.obj
 .comment       0x00000026       0x27 CMakeFiles/gd32f450_template.elf.dir/bsp/bsp_uart.c.obj
 .comment       0x00000026       0x27 CMakeFiles/gd32f450_template.elf.dir/service/srv_display.c.obj
 .comment       0x00000026       0x27 CMakeFiles/gd32f450_template.elf.dir/service/srv_power.c.obj
 .comment       0x00000026       0x27 CMakeFiles/gd32f450_template.elf.dir/service/srv_protocol.c.obj
 .comment       0x00000026       0x27 CMakeFiles/gd32f450_template.elf.dir/service/srv_sample.c.obj
 .comment       0x00000026       0x27 CMakeFiles/gd32f450_template.elf.dir/service/srv_settings.c.obj
 .comment       0x00000026       0x27 CMakeFiles/gd32f450_template.elf.dir/service/srv_storage.c.obj
 .comment       0x00000026       0x27 CMakeFiles/gd32f450_template.elf.dir/common/crc16.c.obj
 .comment       0x00000026       0x27 CMakeFiles/gd32f450_template.elf.dir/common/filter.c.obj
 .comment       0x00000026       0x27 CMakeFiles/gd32f450_template.elf.dir/common/ringbuffer.c.obj
 .comment       0x00000026       0x27 CMakeFiles/gd32f450_template.elf.dir/common/soft_timer.c.obj
 .comment       0x00000026       0x27 CMakeFiles/gd32f450_template.elf.dir/bootloader/bl_main.c.obj
 .comment       0x00000026       0x27 CMakeFiles/gd32f450_template.elf.dir/home/fristonp/Simens/Firmware/CMSIS/GD/GD32F4xx/Source/system_gd32f4xx.c.obj
 .comment       0x00000026       0x27 CMakeFiles/gd32f450_template.elf.dir/home/fristonp/Simens/Utilities/gd32f450i_eval.c.obj
 .comment       0x00000026       0x27 CMakeFiles/gd32f450_template.elf.dir/home/fristonp/Simens/Firmware/GD32F4xx_standard_peripheral/Source/gd32f4xx_adc.c.obj
 .comment       0x00000026       0x27 CMakeFiles/gd32f450_template.elf.dir/home/fristonp/Simens/Firmware/GD32F4xx_standard_peripheral/Source/gd32f4xx_dac.c.obj
 .comment       0x00000026       0x27 CMakeFiles/gd32f450_template.elf.dir/home/fristonp/Simens/Firmware/GD32F4xx_standard_peripheral/Source/gd32f4xx_exti.c.obj
 .comment       0x00000026       0x27 CMakeFiles/gd32f450_template.elf.dir/home/fristonp/Simens/Firmware/GD32F4xx_standard_peripheral/Source/gd32f4xx_gpio.c.obj
 .comment       0x00000026       0x27 CMakeFiles/gd32f450_template.elf.dir/home/fristonp/Simens/Firmware/GD32F4xx_standard_peripheral/Source/gd32f4xx_misc.c.obj
 .comment       0x00000026       0x27 CMakeFiles/gd32f450_template.elf.dir/home/fristonp/Simens/Firmware/GD32F4xx_standard_peripheral/Source/gd32f4xx_pmu.c.obj
 .comment       0x00000026       0x27 CMakeFiles/gd32f450_template.elf.dir/home/fristonp/Simens/Firmware/GD32F4xx_standard_peripheral/Source/gd32f4xx_rcu.c.obj
 .comment       0x00000026       0x27 CMakeFiles/gd32f450_template.elf.dir/home/fristonp/Simens/Firmware/GD32F4xx_standard_peripheral/Source/gd32f4xx_rtc.c.obj
 .comment       0x00000026       0x27 CMakeFiles/gd32f450_template.elf.dir/home/fristonp/Simens/Firmware/GD32F4xx_standard_peripheral/Source/gd32f4xx_syscfg.c.obj
 .comment       0x00000026       0x27 CMakeFiles/gd32f450_template.elf.dir/home/fristonp/Simens/Firmware/GD32F4xx_standard_peripheral/Source/gd32f4xx_usart.c.obj
 .comment       0x00000026       0x27 /usr/lib/gcc/arm-none-eabi/13.2.1/../../../arm-none-eabi/lib/thumb/v7e-m+fp/hard/libc_nano.a(libc_a-init.o)
 .comment       0x00000026       0x27 /usr/lib/gcc/arm-none-eabi/13.2.1/../../../arm-none-eabi/lib/thumb/v7e-m+fp/hard/libc_nano.a(libc_a-memset.o)
 .comment       0x00000026       0x27 /usr/lib/gcc/arm-none-eabi/13.2.1/../../../arm-none-eabi/lib/thumb/v7e-m+fp/hard/libc_nano.a(libc_a-snprintf.o)
 .comment       0x00000026       0x27 /usr/lib/gcc/arm-none-eabi/13.2.1/../../../arm-none-eabi/lib/thumb/v7e-m+fp/hard/libc_nano.a(libc_a-memcmp.o)
 .comment       0x00000026       0x27 /usr/lib/gcc/arm-none-eabi/13.2.1/../../../arm-none-eabi/lib/thumb/v7e-m+fp/hard/libc_nano.a(libc_a-printf.o)
 .comment       0x00000026       0x27 /usr/lib/gcc/arm-none-eabi/13.2.1/../../../arm-none-eabi/lib/thumb/v7e-m+fp/hard/libc_nano.a(libc_a-nano-vfprintf.o)
 .comment       0x00000026       0x27 /usr/lib/gcc/arm-none-eabi/13.2.1/../../../arm-none-eabi/lib/thumb/v7e-m+fp/hard/libc_nano.a(libc_a-wbuf.o)
 .comment       0x00000026       0x27 /usr/lib/gcc/arm-none-eabi/13.2.1/../../../arm-none-eabi/lib/thumb/v7e-m+fp/hard/libc_nano.a(libc_a-impure.o)
 .comment       0x00000026       0x27 /usr/lib/gcc/arm-none-eabi/13.2.1/../../../arm-none-eabi/lib/thumb/v7e-m+fp/hard/libc_nano.a(libc_a-nano-svfprintf.o)